Archive member included to satisfy reference by file (symbol)

/usr/lib/gcc/arm-none-eabi/10.3.1/../../../arm-none-eabi/lib/thumb/v7e-m+fp/hard/libc_nano.a(lib_a-atexit.o)
                              /usr/lib/gcc/arm-none-eabi/10.3.1/../../../arm-none-eabi/lib/thumb/v7e-m+fp/hard/crt0.o (atexit)
/usr/lib/gcc/arm-none-eabi/10.3.1/../../../arm-none-eabi/lib/thumb/v7e-m+fp/hard/libc_nano.a(lib_a-errno.o)
                              build/sysmem.o (__errno)
/usr/lib/gcc/arm-none-eabi/10.3.1/../../../arm-none-eabi/lib/thumb/v7e-m+fp/hard/libc_nano.a(lib_a-exit.o)
                              /usr/lib/gcc/arm-none-eabi/10.3.1/../../../arm-none-eabi/lib/thumb/v7e-m+fp/hard/crt0.o (exit)
/usr/lib/gcc/arm-none-eabi/10.3.1/../../../arm-none-eabi/lib/thumb/v7e-m+fp/hard/libc_nano.a(lib_a-fini.o)
                              /usr/lib/gcc/arm-none-eabi/10.3.1/../../../arm-none-eabi/lib/thumb/v7e-m+fp/hard/crt0.o (__libc_fini_array)
/usr/lib/gcc/arm-none-eabi/10.3.1/../../../arm-none-eabi/lib/thumb/v7e-m+fp/hard/libc_nano.a(lib_a-impure.o)
                              /usr/lib/gcc/arm-none-eabi/10.3.1/../../../arm-none-eabi/lib/thumb/v7e-m+fp/hard/libc_nano.a(lib_a-exit.o) (_global_impure_ptr)
/usr/lib/gcc/arm-none-eabi/10.3.1/../../../arm-none-eabi/lib/thumb/v7e-m+fp/hard/libc_nano.a(lib_a-init.o)
                              /usr/lib/gcc/arm-none-eabi/10.3.1/../../../arm-none-eabi/lib/thumb/v7e-m+fp/hard/crt0.o (__libc_init_array)
/usr/lib/gcc/arm-none-eabi/10.3.1/../../../arm-none-eabi/lib/thumb/v7e-m+fp/hard/libc_nano.a(lib_a-memcpy.o)
                              build/queue.o (memcpy)
/usr/lib/gcc/arm-none-eabi/10.3.1/../../../arm-none-eabi/lib/thumb/v7e-m+fp/hard/libc_nano.a(lib_a-memset.o)
                              /usr/lib/gcc/arm-none-eabi/10.3.1/../../../arm-none-eabi/lib/thumb/v7e-m+fp/hard/crt0.o (memset)
/usr/lib/gcc/arm-none-eabi/10.3.1/../../../arm-none-eabi/lib/thumb/v7e-m+fp/hard/libc_nano.a(lib_a-printf.o)
                              build/main.o (printf)
/usr/lib/gcc/arm-none-eabi/10.3.1/../../../arm-none-eabi/lib/thumb/v7e-m+fp/hard/libc_nano.a(lib_a-__atexit.o)
                              /usr/lib/gcc/arm-none-eabi/10.3.1/../../../arm-none-eabi/lib/thumb/v7e-m+fp/hard/libc_nano.a(lib_a-atexit.o) (__register_exitproc)
/usr/lib/gcc/arm-none-eabi/10.3.1/../../../arm-none-eabi/lib/thumb/v7e-m+fp/hard/libc_nano.a(lib_a-__call_atexit.o)
                              /usr/lib/gcc/arm-none-eabi/10.3.1/../../../arm-none-eabi/lib/thumb/v7e-m+fp/hard/libc_nano.a(lib_a-__atexit.o) (__call_exitprocs)
/usr/lib/gcc/arm-none-eabi/10.3.1/../../../arm-none-eabi/lib/thumb/v7e-m+fp/hard/libc_nano.a(lib_a-findfp.o)
                              /usr/lib/gcc/arm-none-eabi/10.3.1/../../../arm-none-eabi/lib/thumb/v7e-m+fp/hard/libc_nano.a(lib_a-printf.o) (__sinit)
/usr/lib/gcc/arm-none-eabi/10.3.1/../../../arm-none-eabi/lib/thumb/v7e-m+fp/hard/libc_nano.a(lib_a-fwalk.o)
                              /usr/lib/gcc/arm-none-eabi/10.3.1/../../../arm-none-eabi/lib/thumb/v7e-m+fp/hard/libc_nano.a(lib_a-findfp.o) (_fwalk)
/usr/lib/gcc/arm-none-eabi/10.3.1/../../../arm-none-eabi/lib/thumb/v7e-m+fp/hard/libc_nano.a(lib_a-nano-mallocr.o)
                              /usr/lib/gcc/arm-none-eabi/10.3.1/../../../arm-none-eabi/lib/thumb/v7e-m+fp/hard/libc_nano.a(lib_a-findfp.o) (_malloc_r)
/usr/lib/gcc/arm-none-eabi/10.3.1/../../../arm-none-eabi/lib/thumb/v7e-m+fp/hard/libc_nano.a(lib_a-nano-vfprintf.o)
                              /usr/lib/gcc/arm-none-eabi/10.3.1/../../../arm-none-eabi/lib/thumb/v7e-m+fp/hard/libc_nano.a(lib_a-printf.o) (_vfprintf_r)
/usr/lib/gcc/arm-none-eabi/10.3.1/../../../arm-none-eabi/lib/thumb/v7e-m+fp/hard/libc_nano.a(lib_a-nano-vfprintf_i.o)
                              /usr/lib/gcc/arm-none-eabi/10.3.1/../../../arm-none-eabi/lib/thumb/v7e-m+fp/hard/libc_nano.a(lib_a-nano-vfprintf.o) (_printf_i)
/usr/lib/gcc/arm-none-eabi/10.3.1/../../../arm-none-eabi/lib/thumb/v7e-m+fp/hard/libc_nano.a(lib_a-sbrkr.o)
                              /usr/lib/gcc/arm-none-eabi/10.3.1/../../../arm-none-eabi/lib/thumb/v7e-m+fp/hard/libc_nano.a(lib_a-nano-mallocr.o) (_sbrk_r)
/usr/lib/gcc/arm-none-eabi/10.3.1/../../../arm-none-eabi/lib/thumb/v7e-m+fp/hard/libc_nano.a(lib_a-stdio.o)
                              /usr/lib/gcc/arm-none-eabi/10.3.1/../../../arm-none-eabi/lib/thumb/v7e-m+fp/hard/libc_nano.a(lib_a-findfp.o) (__sread)
/usr/lib/gcc/arm-none-eabi/10.3.1/../../../arm-none-eabi/lib/thumb/v7e-m+fp/hard/libc_nano.a(lib_a-wbuf.o)
                              /usr/lib/gcc/arm-none-eabi/10.3.1/../../../arm-none-eabi/lib/thumb/v7e-m+fp/hard/libc_nano.a(lib_a-nano-vfprintf.o) (__swbuf_r)
/usr/lib/gcc/arm-none-eabi/10.3.1/../../../arm-none-eabi/lib/thumb/v7e-m+fp/hard/libc_nano.a(lib_a-writer.o)
                              /usr/lib/gcc/arm-none-eabi/10.3.1/../../../arm-none-eabi/lib/thumb/v7e-m+fp/hard/libc_nano.a(lib_a-stdio.o) (_write_r)
[...]
Memory Configuration

Name             Origin             Length             Attributes
RAM              0x0000000020000000 0x0000000000020000 xrw
CCMRAM           0x0000000010000000 0x0000000000010000 xrw
FLASH            0x0000000008000000 0x0000000000100000 xr
*default*        0x0000000000000000 0xffffffffffffffff

Linker script and memory map

LOAD /usr/lib/gcc/arm-none-eabi/10.3.1/thumb/v7e-m+fp/hard/crti.o
LOAD /usr/lib/gcc/arm-none-eabi/10.3.1/thumb/v7e-m+fp/hard/crtbegin.o
LOAD /usr/lib/gcc/arm-none-eabi/10.3.1/../../../arm-none-eabi/lib/thumb/v7e-m+fp/hard/crt0.o
LOAD build/main.o
LOAD build/freertos.o
LOAD build/stm32f4xx_it.o
LOAD build/stm32f4xx_hal_msp.o
LOAD build/stm32f4xx_hal_rcc.o
LOAD build/stm32f4xx_hal_rcc_ex.o
LOAD build/stm32f4xx_hal_flash.o
LOAD build/stm32f4xx_hal_flash_ex.o
LOAD build/stm32f4xx_hal_flash_ramfunc.o
LOAD build/stm32f4xx_hal_gpio.o
LOAD build/stm32f4xx_hal_dma_ex.o
LOAD build/stm32f4xx_hal_dma.o
LOAD build/stm32f4xx_hal_pwr.o
LOAD build/stm32f4xx_hal_pwr_ex.o
LOAD build/stm32f4xx_hal_cortex.o
LOAD build/stm32f4xx_hal.o
LOAD build/stm32f4xx_hal_exti.o
LOAD build/stm32f4xx_hal_uart.o
LOAD build/stm32f4xx_hal_pcd.o
LOAD build/stm32f4xx_hal_pcd_ex.o
LOAD build/stm32f4xx_ll_usb.o
LOAD build/system_stm32f4xx.o
LOAD build/croutine.o
LOAD build/event_groups.o
LOAD build/list.o
LOAD build/queue.o
LOAD build/stream_buffer.o
LOAD build/tasks.o
LOAD build/timers.o
LOAD build/cmsis_os2.o
LOAD build/heap_4.o
LOAD build/port.o
LOAD build/sysmem.o
LOAD build/syscalls.o
LOAD build/microros_allocators.o
LOAD build/custom_memory_manager.o
LOAD build/microros_time.o
LOAD build/dma_transport.o
LOAD build/startup_stm32f405xx.o
LOAD /usr/lib/gcc/arm-none-eabi/10.3.1/../../../arm-none-eabi/lib/thumb/v7e-m+fp/hard/libc_nano.a
LOAD /usr/lib/gcc/arm-none-eabi/10.3.1/../../../arm-none-eabi/lib/thumb/v7e-m+fp/hard/libm.a
LOAD /usr/lib/gcc/arm-none-eabi/10.3.1/../../../arm-none-eabi/lib/thumb/v7e-m+fp/hard/libnosys.a
LOAD micro_ros_stm32cubemx_utils/microros_static_library_ide/libmicroros/libmicroros.a
START GROUP
LOAD /usr/lib/gcc/arm-none-eabi/10.3.1/thumb/v7e-m+fp/hard/libgcc.a
LOAD /usr/lib/gcc/arm-none-eabi/10.3.1/../../../arm-none-eabi/lib/thumb/v7e-m+fp/hard/libc_nano.a
END GROUP
START GROUP
LOAD /usr/lib/gcc/arm-none-eabi/10.3.1/thumb/v7e-m+fp/hard/libgcc.a
LOAD /usr/lib/gcc/arm-none-eabi/10.3.1/../../../arm-none-eabi/lib/thumb/v7e-m+fp/hard/libc_nano.a
END GROUP
LOAD /usr/lib/gcc/arm-none-eabi/10.3.1/thumb/v7e-m+fp/hard/crtend.o
LOAD /usr/lib/gcc/arm-none-eabi/10.3.1/thumb/v7e-m+fp/hard/crtn.o
                0x0000000020020000                _estack = (ORIGIN (RAM) + LENGTH (RAM))
                0x000000002001fc00                _sstack = (_estack - _Min_Stack_Size)
                0x0000000000000200                _Min_Heap_Size = 0x200
                0x0000000000000400                _Min_Stack_Size = 0x400

.isr_vector     0x0000000008000000      0x188
                0x0000000008000000                . = ALIGN (0x4)
 *(.isr_vector)
 .isr_vector    0x0000000008000000      0x188 build/startup_stm32f405xx.o
                0x0000000008000000                g_pfnVectors
                0x0000000008000188                . = ALIGN (0x4)

.text           0x00000000080001c0    0x13810
                0x00000000080001c0                . = ALIGN (0x4)
 *(.text)
 .text          0x00000000080001c0       0x88 /usr/lib/gcc/arm-none-eabi/10.3.1/thumb/v7e-m+fp/hard/crtbegin.o
 .text          0x0000000008000248        0xc /usr/lib/gcc/arm-none-eabi/10.3.1/../../../arm-none-eabi/lib/thumb/v7e-m+fp/hard/libc_nano.a(lib_a-errno.o)
                0x0000000008000248                __errno
 .text          0x0000000008000254       0x48 /usr/lib/gcc/arm-none-eabi/10.3.1/../../../arm-none-eabi/lib/thumb/v7e-m+fp/hard/libc_nano.a(lib_a-init.o)
                0x0000000008000254                __libc_init_array
 .text          0x000000000800029c      0x134 /usr/lib/gcc/arm-none-eabi/10.3.1/../../../arm-none-eabi/lib/thumb/v7e-m+fp/hard/libc_nano.a(lib_a-memcpy.o)
                0x000000000800029c                memcpy
 .text          0x00000000080003d0       0xa4 /usr/lib/gcc/arm-none-eabi/10.3.1/../../../arm-none-eabi/lib/thumb/v7e-m+fp/hard/libc_nano.a(lib_a-memset.o)
                0x00000000080003d0                memset
 .text          0x0000000008000474       0x60 /usr/lib/gcc/arm-none-eabi/10.3.1/../../../arm-none-eabi/lib/thumb/v7e-m+fp/hard/libc_nano.a(lib_a-printf.o)
                0x0000000008000474                _printf_r
                0x0000000008000474                _iprintf_r
                0x00000000080004a0                printf
                0x00000000080004a0                iprintf
 .text          0x00000000080004d4      0x238 /usr/lib/gcc/arm-none-eabi/10.3.1/../../../arm-none-eabi/lib/thumb/v7e-m+fp/hard/libc_nano.a(lib_a-findfp.o)
                0x00000000080004d8                _cleanup_r
                0x00000000080004e8                __sfmoreglue
                0x0000000008000518                __sfp
                0x00000000080006b8                _cleanup
                0x00000000080006cc                __sinit
                0x00000000080006d4                __sfp_lock_acquire
                0x00000000080006d8                __sfp_lock_release
                0x00000000080006dc                __sinit_lock_acquire
                0x00000000080006e0                __sinit_lock_release
                0x00000000080006e4                __fp_lock_all
                0x00000000080006f8                __fp_unlock_all
 .text          0x000000000800070c       0x88 /usr/lib/gcc/arm-none-eabi/10.3.1/../../../arm-none-eabi/lib/thumb/v7e-m+fp/hard/libc_nano.a(lib_a-fwalk.o)
                0x000000000800070c                _fwalk
                0x000000000800074c                _fwalk_reent
 .text          0x0000000008000794       0xb4 /usr/lib/gcc/arm-none-eabi/10.3.1/../../../arm-none-eabi/lib/thumb/v7e-m+fp/hard/libc_nano.a(lib_a-nano-mallocr.o)
                0x0000000008000794                _malloc_r
 .text          0x0000000008000848      0x328 /usr/lib/gcc/arm-none-eabi/10.3.1/../../../arm-none-eabi/lib/thumb/v7e-m+fp/hard/libc_nano.a(lib_a-nano-vfprintf.o)
                0x0000000008000884                __sfputs_r
                0x00000000080008b4                __sprint_r
                0x00000000080008d0                _vfiprintf_r
                0x00000000080008d0                _vfprintf_r
                0x0000000008000b54                vfiprintf
                0x0000000008000b54                vfprintf
 .text          0x0000000008000b70      0x3dc /usr/lib/gcc/arm-none-eabi/10.3.1/../../../arm-none-eabi/lib/thumb/v7e-m+fp/hard/libc_nano.a(lib_a-nano-vfprintf_i.o)
                0x0000000008000b70                _printf_common
                0x0000000008000c9c                _printf_i
 .text          0x0000000008000f4c       0x24 /usr/lib/gcc/arm-none-eabi/10.3.1/../../../arm-none-eabi/lib/thumb/v7e-m+fp/hard/libc_nano.a(lib_a-sbrkr.o)
                0x0000000008000f4c                _sbrk_r
 .text          0x0000000008000f70       0x90 /usr/lib/gcc/arm-none-eabi/10.3.1/../../../arm-none-eabi/lib/thumb/v7e-m+fp/hard/libc_nano.a(lib_a-stdio.o)
                0x0000000008000f70                __sread
                0x0000000008000f94                __seofread
                0x0000000008000f98                __swrite
                0x0000000008000fd8                __sseek
                0x0000000008000ff8                __sclose
 .text          0x0000000008001000       0xc8 /usr/lib/gcc/arm-none-eabi/10.3.1/../../../arm-none-eabi/lib/thumb/v7e-m+fp/hard/libc_nano.a(lib_a-wbuf.o)
                0x0000000008001000                __swbuf_r
                0x00000000080010b0                __swbuf
 .text          0x00000000080010c8       0x2c /usr/lib/gcc/arm-none-eabi/10.3.1/../../../arm-none-eabi/lib/thumb/v7e-m+fp/hard/libc_nano.a(lib_a-writer.o)
                0x00000000080010c8                _write_r
 .text          0x00000000080010f4      0x104 /usr/lib/gcc/arm-none-eabi/10.3.1/../../../arm-none-eabi/lib/thumb/v7e-m+fp/hard/libc_nano.a(lib_a-wsetup.o)
                0x00000000080010f4                __swsetup_r
 .text          0x00000000080011f8       0x24 /usr/lib/gcc/arm-none-eabi/10.3.1/../../../arm-none-eabi/lib/thumb/v7e-m+fp/hard/libc_nano.a(lib_a-closer.o)
                0x00000000080011f8                _close_r
 .text          0x000000000800121c      0x1e8 /usr/lib/gcc/arm-none-eabi/10.3.1/../../../arm-none-eabi/lib/thumb/v7e-m+fp/hard/libc_nano.a(lib_a-fflush.o)
                0x000000000800121c                __sflush_r
                0x0000000008001330                _fflush_r
                0x0000000008001384                fflush
 .text          0x0000000008001404      0x2f0 /usr/lib/gcc/arm-none-eabi/10.3.1/../../../arm-none-eabi/lib/thumb/v7e-m+fp/hard/libc_nano.a(lib_a-fvwrite.o)
                0x0000000008001404                __sfvwrite_r
 .text          0x00000000080016f4       0x2c /usr/lib/gcc/arm-none-eabi/10.3.1/../../../arm-none-eabi/lib/thumb/v7e-m+fp/hard/libc_nano.a(lib_a-lseekr.o)
                0x00000000080016f4                _lseek_r
 .text          0x0000000008001720      0x11c /usr/lib/gcc/arm-none-eabi/10.3.1/../../../arm-none-eabi/lib/thumb/v7e-m+fp/hard/libc_nano.a(lib_a-makebuf.o)
                0x0000000008001720                __smakebuf_r
                0x00000000080017e0                __swhatbuf_r
 *fill*         0x000000000800183c        0x4 
 .text          0x0000000008001840       0xa0 /usr/lib/gcc/arm-none-eabi/10.3.1/../../../arm-none-eabi/lib/thumb/v7e-m+fp/hard/libc_nano.a(lib_a-memchr.o)
                0x0000000008001840                memchr
 .text          0x00000000080018e0       0xf8 /usr/lib/gcc/arm-none-eabi/10.3.1/../../../arm-none-eabi/lib/thumb/v7e-m+fp/hard/libc_nano.a(lib_a-memmove.o)
                0x00000000080018e0                memmove
 .text          0x00000000080019d8        0x8 /usr/lib/gcc/arm-none-eabi/10.3.1/../../../arm-none-eabi/lib/thumb/v7e-m+fp/hard/libc_nano.a(lib_a-mlock.o)
                0x00000000080019d8                __malloc_lock
                0x00000000080019dc                __malloc_unlock
 .text          0x00000000080019e0       0xc4 /usr/lib/gcc/arm-none-eabi/10.3.1/../../../arm-none-eabi/lib/thumb/v7e-m+fp/hard/libc_nano.a(lib_a-nano-freer.o)
                0x00000000080019e0                _free_r
 .text          0x0000000008001aa4       0x50 /usr/lib/gcc/arm-none-eabi/10.3.1/../../../arm-none-eabi/lib/thumb/v7e-m+fp/hard/libc_nano.a(lib_a-nano-reallocr.o)
                0x0000000008001aa4                _realloc_r
 .text          0x0000000008001af4       0x2c /usr/lib/gcc/arm-none-eabi/10.3.1/../../../arm-none-eabi/lib/thumb/v7e-m+fp/hard/libc_nano.a(lib_a-readr.o)
                0x0000000008001af4                _read_r
 .text          0x0000000008001b20       0x2c /usr/lib/gcc/arm-none-eabi/10.3.1/../../../arm-none-eabi/lib/thumb/v7e-m+fp/hard/libc_nano.a(lib_a-fstatr.o)
                0x0000000008001b20                _fstat_r
 .text          0x0000000008001b4c       0x24 /usr/lib/gcc/arm-none-eabi/10.3.1/../../../arm-none-eabi/lib/thumb/v7e-m+fp/hard/libc_nano.a(lib_a-isattyr.o)
                0x0000000008001b4c                _isatty_r
 .text          0x0000000008001b70       0x14 /usr/lib/gcc/arm-none-eabi/10.3.1/../../../arm-none-eabi/lib/thumb/v7e-m+fp/hard/libc_nano.a(lib_a-nano-msizer.o)
                0x0000000008001b70                _malloc_usable_size_r
 *fill*         0x0000000008001b84        0x4 
 .text          0x0000000008001b88      0x598 micro_ros_stm32cubemx_utils/microros_static_library_ide/libmicroros/libmicroros.a(librcl-publisher.c.obj)
                0x0000000008001b88                rcl_get_zero_initialized_publisher
                0x0000000008001b94                rcl_publisher_init
                0x0000000008001cc0                rcl_publisher_fini
                0x0000000008001d18                rcl_publisher_get_default_options
                0x0000000008001d74                rcl_borrow_loaned_message
                0x0000000008001db8                rcl_return_loaned_message_from_publisher
                0x0000000008001dfc                rcl_publish
                0x0000000008001e44                rcl_publish_serialized_message
                0x0000000008001e90                rcl_publish_loaned_message
                0x0000000008001ed8                rcl_publisher_assert_liveliness
                0x0000000008001f14                rcl_publisher_wait_for_all_acked
                0x0000000008001fe8                rcl_publisher_get_topic_name
                0x0000000008001ff8                rcl_publisher_get_options
                0x000000000800200c                rcl_publisher_get_rmw_handle
                0x0000000008002018                rcl_publisher_get_context
                0x0000000008002030                rcl_publisher_is_valid
                0x0000000008002060                rcl_publisher_is_valid_except_context
                0x0000000008002074                rcl_publisher_get_subscription_count
                0x00000000080020bc                rcl_publisher_get_actual_qos
                0x00000000080020d0                rcl_publisher_can_loan_messages
 .text          0x0000000008002120      0x150 micro_ros_stm32cubemx_utils/microros_static_library_ide/libmicroros/libmicroros.a(librclc-init.c.obj)
                0x0000000008002120                rclc_support_init
                0x00000000080021b4                rclc_support_init_with_options
                0x000000000800221c                rclc_support_fini
 .text          0x0000000008002270       0xd8 micro_ros_stm32cubemx_utils/microros_static_library_ide/libmicroros/libmicroros.a(librclc-node.c.obj)
                0x0000000008002270                rclc_node_init_default
                0x00000000080022e8                rclc_node_init_with_options
 .text          0x0000000008002348      0x138 micro_ros_stm32cubemx_utils/microros_static_library_ide/libmicroros/libmicroros.a(librclc-publisher.c.obj)
                0x0000000008002348                rclc_publisher_init_default
                0x00000000080023b0                rclc_publisher_init_best_effort
                0x0000000008002418                rclc_publisher_init
 .text          0x0000000008002480       0xd8 micro_ros_stm32cubemx_utils/microros_static_library_ide/libmicroros/libmicroros.a(librcutils-allocator.c.obj)
                0x0000000008002490                rcutils_get_zero_initialized_allocator
                0x00000000080024ac                rcutils_set_default_allocator
                0x00000000080024e8                rcutils_get_default_allocator
                0x0000000008002504                rcutils_allocator_is_valid
                0x0000000008002520                rcutils_reallocf
 .text          0x0000000008002558       0xbc micro_ros_stm32cubemx_utils/microros_static_library_ide/libmicroros/libmicroros.a(librcutils-error_handling.c.obj)
                0x0000000008002558                rcutils_initialize_error_handling_thread_local_storage
                0x00000000080025a8                rcutils_set_error_state
                0x00000000080025c4                rcutils_error_is_set
                0x00000000080025d0                rcutils_get_error_state
                0x00000000080025d8                rcutils_get_error_string
                0x00000000080025f8                rcutils_reset_error
 .text          0x0000000008002614        0x8 micro_ros_stm32cubemx_utils/microros_static_library_ide/libmicroros/libmicroros.a(librmw-publisher_options.c.obj)
                0x0000000008002614                rmw_get_default_publisher_options
 .text          0x000000000800261c       0x58 micro_ros_stm32cubemx_utils/microros_static_library_ide/libmicroros/libmicroros.a(librmw_microxrcedds-custom_transport.c.obj)
                0x000000000800261c                rmw_uros_set_custom_transport
                0x0000000008002648                rmw_uros_options_set_custom_transport
 .text          0x0000000008002674       0xdc micro_ros_stm32cubemx_utils/microros_static_library_ide/libmicroros/libmicroros.a(librmw_microxrcedds-rmw_publish.c.obj)
                0x0000000008002674                flush_session
                0x000000000800267c                rmw_publish
                0x000000000800273c                rmw_publish_serialized_message
                0x0000000008002740                rmw_publish_loaned_message
                0x0000000008002744                rmw_publisher_wait_for_all_acked
 .text          0x0000000008002750      0x298 micro_ros_stm32cubemx_utils/microros_static_library_ide/libmicroros/libmicroros.a(librmw_microxrcedds-rmw_publisher.c.obj)
                0x0000000008002750                rmw_init_publisher_allocation
                0x0000000008002754                rmw_fini_publisher_allocation
                0x0000000008002758                rmw_create_publisher
                0x0000000008002914                rmw_publisher_count_matched_subscriptions
                0x0000000008002918                rmw_publisher_assert_liveliness
                0x000000000800291c                rmw_publisher_get_actual_qos
                0x000000000800293c                rmw_borrow_loaned_message
                0x0000000008002940                rmw_return_loaned_message_from_publisher
                0x0000000008002944                rmw_destroy_publisher
 .text          0x00000000080029e8      0x5d8 micro_ros_stm32cubemx_utils/microros_static_library_ide/libmicroros/libmicroros.a(librmw_microxrcedds-types.c.obj)
                0x00000000080029e8                rmw_uxrce_init_service_memory
                0x0000000008002a28                rmw_uxrce_init_client_memory
                0x0000000008002a68                rmw_uxrce_init_publisher_memory
                0x0000000008002aa8                rmw_uxrce_init_subscription_memory
                0x0000000008002ae8                rmw_uxrce_init_node_memory
                0x0000000008002b28                rmw_uxrce_init_session_memory
                0x0000000008002b68                rmw_uxrce_init_topic_memory
                0x0000000008002ba8                rmw_uxrce_init_static_input_buffer_memory
                0x0000000008002be8                rmw_uxrce_init_init_options_impl_memory
                0x0000000008002c28                rmw_uxrce_init_wait_set_memory
                0x0000000008002c68                rmw_uxrce_init_guard_condition_memory
                0x0000000008002ca8                rmw_uxrce_fini_session_memory
                0x0000000008002cb4                rmw_uxrce_fini_node_memory
                0x0000000008002ce4                rmw_uxrce_fini_publisher_memory
                0x0000000008002d10                rmw_uxrce_fini_subscription_memory
                0x0000000008002d3c                rmw_uxrce_fini_service_memory
                0x0000000008002d68                rmw_uxrce_fini_client_memory
                0x0000000008002d94                rmw_uxrce_fini_topic_memory
                0x0000000008002dac                rmw_uxrce_count_static_input_buffer_for_entity
                0x0000000008002dd4                rmw_uxrce_get_static_input_buffer_for_entity
                0x0000000008002e78                rmw_uxrce_find_static_input_buffer_by_owner
                0x0000000008002ec4                rmw_uxrce_clean_expired_static_input_buffer
 .text          0x0000000008002fc0      0x83c micro_ros_stm32cubemx_utils/microros_static_library_ide/libmicroros/libmicroros.a(librmw_microxrcedds-utils.c.obj)
                0x0000000008002fc0                run_xrce_session
                0x0000000008002ff8                convert_qos_profile
                0x000000000800302c                build_participant_xml
                0x0000000008003050                generate_service_topics
                0x00000000080030ac                generate_service_types
                0x000000000800317c                build_service_xml
                0x00000000080032e4                build_publisher_xml
                0x00000000080032ec                build_subscriber_xml
                0x00000000080032f4                generate_name
                0x0000000008003320                generate_type_name
                0x0000000008003380                generate_topic_name
                0x00000000080033b4                build_topic_xml
                0x0000000008003488                build_xml
                0x0000000008003568                build_datawriter_xml
                0x000000000800364c                build_datareader_xml
                0x0000000008003730                build_participant_profile
                0x0000000008003768                build_topic_profile
                0x0000000008003790                build_datawriter_profile
                0x00000000080037b8                build_datareader_profile
                0x00000000080037e0                is_uxrce_rmw_identifier_valid
 .text          0x00000000080037fc       0x18 micro_ros_stm32cubemx_utils/microros_static_library_ide/libmicroros/libmicroros.a(librosidl_runtime_c-message_type_support.c.obj)
                0x00000000080037fc                get_message_typesupport_handle
                0x0000000008003800                get_message_typesupport_handle_function
 .text          0x0000000008003814       0x1c micro_ros_stm32cubemx_utils/microros_static_library_ide/libmicroros/libmicroros.a(libstd_msgs__rosidl_typesupport_c-int32__type_support.cpp.obj)
                0x0000000008003814                rosidl_typesupport_c__get_message_type_support_handle__std_msgs__msg__Int32
 .text          0x0000000008003830       0x24 micro_ros_stm32cubemx_utils/microros_static_library_ide/libmicroros/libmicroros.a(libstd_msgs__rosidl_typesupport_introspection_c-int32__type_support.c.obj)
                0x0000000008003830                std_msgs__msg__Int32__rosidl_typesupport_introspection_c__Int32_init_function
                0x0000000008003834                std_msgs__msg__Int32__rosidl_typesupport_introspection_c__Int32_fini_function
                0x0000000008003838                rosidl_typesupport_introspection_c__get_message_type_support_handle__std_msgs__msg__Int32
 .text          0x0000000008003854       0x70 micro_ros_stm32cubemx_utils/microros_static_library_ide/libmicroros/libmicroros.a(libstd_msgs__rosidl_typesupport_microxrcedds_c-int32__type_support_c.c.obj)
                0x0000000008003870                get_serialized_size_std_msgs__msg__Int32
                0x00000000080038a8                max_serialized_size_std_msgs__msg__Int32
                0x00000000080038bc                rosidl_typesupport_microxrcedds_c__get_message_type_support_handle__std_msgs__msg__Int32
 .text          0x00000000080038c4       0x28 micro_ros_stm32cubemx_utils/microros_static_library_ide/libmicroros/libmicroros.a(librcl-common.c.obj)
                0x00000000080038c4                rcl_convert_rmw_ret_to_rcl_ret
 .text          0x00000000080038ec      0x13c micro_ros_stm32cubemx_utils/microros_static_library_ide/libmicroros/libmicroros.a(librcl-context.c.obj)
                0x00000000080038ec                rcl_get_zero_initialized_context
                0x0000000008003900                rcl_context_get_init_options
                0x000000000800390c                rcl_context_get_instance_id
                0x0000000008003914                rcl_context_get_domain_id
                0x000000000800392c                rcl_context_is_valid
                0x0000000008003938                rcl_context_get_rmw_context
                0x0000000008003944                __cleanup_context
                0x0000000008003a04                rcl_context_fini
 .text          0x0000000008003a28      0x218 micro_ros_stm32cubemx_utils/microros_static_library_ide/libmicroros/libmicroros.a(librcl-init.c.obj)
                0x0000000008003a28                rcl_init
                0x0000000008003c04                rcl_shutdown
 .text          0x0000000008003c40      0x234 micro_ros_stm32cubemx_utils/microros_static_library_ide/libmicroros/libmicroros.a(librcl-init_options.c.obj)
                0x0000000008003c40                rcl_get_zero_initialized_init_options
                0x0000000008003c44                rcl_init_options_init
                0x0000000008003d10                rcl_init_options_fini
                0x0000000008003d64                rcl_init_options_copy
                0x0000000008003e3c                rcl_init_options_get_domain_id
                0x0000000008003e50                rcl_init_options_set_domain_id
                0x0000000008003e60                rcl_init_options_get_rmw_init_options
                0x0000000008003e6c                rcl_init_options_get_allocator
 .text          0x0000000008003e74       0x44 micro_ros_stm32cubemx_utils/microros_static_library_ide/libmicroros/libmicroros.a(librcl-localhost.c.obj)
                0x0000000008003e74                rcl_get_localhost_only
 .text          0x0000000008003eb8      0x49c micro_ros_stm32cubemx_utils/microros_static_library_ide/libmicroros/libmicroros.a(librcl-node.c.obj)
                0x0000000008003eb8                rcl_create_node_logger_name
                0x0000000008003f38                rcl_get_zero_initialized_node
                0x0000000008003f4c                rcl_node_init
                0x00000000080041d8                rcl_node_fini
                0x000000000800422c                rcl_node_is_valid_except_context
                0x000000000800423c                rcl_node_is_valid
                0x0000000008004250                rcl_node_get_name
                0x0000000008004260                rcl_node_get_namespace
                0x0000000008004270                rcl_node_get_fully_qualified_name
                0x0000000008004284                rcl_node_get_options
                0x0000000008004294                rcl_node_get_domain_id
                0x00000000080042c8                rcl_node_get_rmw_handle
                0x00000000080042d4                rcl_node_get_rcl_instance_id
                0x00000000080042ec                rcl_node_get_graph_guard_condition
                0x0000000008004300                rcl_node_get_logger_name
                0x0000000008004314                rcl_get_disable_loaned_message
 .text          0x0000000008004354       0x90 micro_ros_stm32cubemx_utils/microros_static_library_ide/libmicroros/libmicroros.a(librcl-node_options.c.obj)
                0x0000000008004354                rcl_node_get_default_options
                0x0000000008004370                rcl_node_options_copy
                0x00000000080043ac                rcl_node_options_fini
 .text          0x00000000080043e4      0x150 micro_ros_stm32cubemx_utils/microros_static_library_ide/libmicroros/libmicroros.a(librcl-node_resolve_name.c.obj)
                0x00000000080043e4                rcl_node_resolve_name
 .text          0x0000000008004534      0x7f0 micro_ros_stm32cubemx_utils/microros_static_library_ide/libmicroros/libmicroros.a(librcl-time.c.obj)
                0x0000000008004630                rcl_clock_time_started
                0x0000000008004668                rcl_clock_valid
                0x000000000800467c                rcl_clock_init
                0x000000000800476c                rcl_clock_fini
                0x00000000080047d0                rcl_ros_clock_init
                0x0000000008004830                rcl_ros_clock_fini
                0x0000000008004864                rcl_steady_clock_init
                0x00000000080048a0                rcl_steady_clock_fini
                0x00000000080048cc                rcl_system_clock_init
                0x0000000008004908                rcl_system_clock_fini
                0x0000000008004934                rcl_difference_times
                0x0000000008004968                rcl_clock_get_now
                0x0000000008004980                rcl_enable_ros_time_override
                0x0000000008004a40                rcl_disable_ros_time_override
                0x0000000008004af8                rcl_is_enabled_ros_time_override
                0x0000000008004b18                rcl_set_ros_time_override
                0x0000000008004ba4                rcl_clock_add_jump_callback
                0x0000000008004c68                rcl_clock_remove_jump_callback
 .text          0x0000000008004d24      0x264 micro_ros_stm32cubemx_utils/microros_static_library_ide/libmicroros/libmicroros.a(librcutils-atomic_64bits.c.obj)
                0x0000000008004d24                lock_memory
                0x0000000008004d7c                unlock_memory
                0x0000000008004dc0                __atomic_load_8
                0x0000000008004e2c                __atomic_store_8
                0x0000000008004e98                __atomic_exchange_8
                0x0000000008004f08                __atomic_fetch_add_8
 .text          0x0000000008004f88       0x68 micro_ros_stm32cubemx_utils/microros_static_library_ide/libmicroros/libmicroros.a(librcutils-env.c.obj)
                0x0000000008004f88                rcutils_set_env
                0x0000000008004fa8                rcutils_get_env
                0x0000000008004fd8                rcutils_get_home_dir
 .text          0x0000000008004ff0       0x74 micro_ros_stm32cubemx_utils/microros_static_library_ide/libmicroros/libmicroros.a(librcutils-format_string.c.obj)
                0x0000000008004ff0                rcutils_format_string_limit
 .text          0x0000000008005064      0x168 micro_ros_stm32cubemx_utils/microros_static_library_ide/libmicroros/libmicroros.a(librcutils-repl_str.c.obj)
                0x0000000008005064                rcutils_repl_str
 .text          0x00000000080051cc       0x58 micro_ros_stm32cubemx_utils/microros_static_library_ide/libmicroros/libmicroros.a(librcutils-snprintf.c.obj)
                0x00000000080051cc                rcutils_snprintf
                0x0000000008005200                rcutils_vsnprintf
 .text          0x0000000008005224       0x7c micro_ros_stm32cubemx_utils/microros_static_library_ide/libmicroros/libmicroros.a(librcutils-strdup.c.obj)
                0x0000000008005224                rcutils_strdup
                0x0000000008005268                rcutils_strndup
 .text          0x00000000080052a0      0x850 micro_ros_stm32cubemx_utils/microros_static_library_ide/libmicroros/libmicroros.a(librcutils-string_map.c.obj)
                0x00000000080052a0                rcutils_get_zero_initialized_string_map
                0x00000000080052ac                rcutils_string_map_get_capacity
                0x00000000080052c4                rcutils_string_map_get_size
                0x00000000080052dc                rcutils_string_map_reserve
                0x00000000080053c0                rcutils_string_map_init
                0x0000000008005440                rcutils_string_map_fini
                0x00000000080054cc                rcutils_string_map_clear
                0x000000000800553c                rcutils_string_map_set_no_resize
                0x00000000080056c8                rcutils_string_map_set
                0x0000000008005718                rcutils_string_map_unset
                0x00000000080057cc                rcutils_string_map_key_exists
                0x0000000008005824                rcutils_string_map_key_existsn
                0x0000000008005878                rcutils_string_map_get
                0x00000000080058dc                rcutils_string_map_getn
                0x0000000008005938                rcutils_string_map_get_next_key
                0x00000000080059a0                rcutils_string_map_copy
 .text          0x0000000008005af0       0xf4 micro_ros_stm32cubemx_utils/microros_static_library_ide/libmicroros/libmicroros.a(librcutils-time_unix.c.obj)
                0x0000000008005af0                rcutils_system_time_now
                0x0000000008005b40                rcutils_steady_time_now
                0x0000000008005b90                rcutils_raw_steady_time_now
 .text          0x0000000008005be4       0x20 micro_ros_stm32cubemx_utils/microros_static_library_ide/libmicroros/libmicroros.a(librmw-init.c.obj)
                0x0000000008005be4                rmw_get_zero_initialized_context
 .text          0x0000000008005c04       0x20 micro_ros_stm32cubemx_utils/microros_static_library_ide/libmicroros/libmicroros.a(librmw-init_options.c.obj)
                0x0000000008005c04                rmw_get_zero_initialized_init_options
 .text          0x0000000008005c24       0xe0 micro_ros_stm32cubemx_utils/microros_static_library_ide/libmicroros/libmicroros.a(librmw-security_options.c.obj)
                0x0000000008005c24                rmw_get_zero_initialized_security_options
                0x0000000008005c2c                rmw_get_default_security_options
                0x0000000008005c34                rmw_security_options_copy
                0x0000000008005c8c                rmw_security_options_set_root_path
                0x0000000008005cdc                rmw_security_options_fini
 *fill*         0x0000000008005d04        0x4 
 .text          0x0000000008005d08      0x200 micro_ros_stm32cubemx_utils/microros_static_library_ide/libmicroros/libmicroros.a(librmw-time.c.obj)
                0x0000000008005d08                rmw_time_equal
                0x0000000008005db0                rmw_time_total_nsec
                0x0000000008005e10                rmw_time_from_nsec
                0x0000000008005e5c                rmw_time_normalize
 .text          0x0000000008005f08      0x1f8 micro_ros_stm32cubemx_utils/microros_static_library_ide/libmicroros/libmicroros.a(librmw-validate_full_topic_name.c.obj)
                0x0000000008005f08                rmw_validate_full_topic_name
                0x0000000008005ff4                rmw_validate_full_topic_name_with_size
                0x00000000080060e8                rmw_full_topic_name_validation_result_string
 .text          0x0000000008006100       0xd4 micro_ros_stm32cubemx_utils/microros_static_library_ide/libmicroros/libmicroros.a(librmw-validate_namespace.c.obj)
                0x0000000008006100                rmw_validate_namespace_with_size
                0x000000000800619c                rmw_validate_namespace
                0x00000000080061bc                rmw_namespace_validation_result_string
 .text          0x00000000080061d4      0x154 micro_ros_stm32cubemx_utils/microros_static_library_ide/libmicroros/libmicroros.a(librmw-validate_node_name.c.obj)
                0x00000000080061d4                rmw_validate_node_name
                0x0000000008006278                rmw_validate_node_name_with_size
                0x0000000008006310                rmw_node_name_validation_result_string
 .text          0x0000000008006328       0x54 micro_ros_stm32cubemx_utils/microros_static_library_ide/libmicroros/libmicroros.a(librmw_microxrcedds-memory.c.obj)
                0x0000000008006328                has_memory
                0x0000000008006334                get_memory
                0x0000000008006354                put_memory
 .text          0x000000000800637c        0xc micro_ros_stm32cubemx_utils/microros_static_library_ide/libmicroros/libmicroros.a(librmw_microxrcedds-rmw_get_implementation_identifier.c.obj)
                0x000000000800637c                rmw_get_implementation_identifier
 .text          0x0000000008006388      0x5dc micro_ros_stm32cubemx_utils/microros_static_library_ide/libmicroros/libmicroros.a(librmw_microxrcedds-rmw_init.c.obj)
                0x0000000008006388                rmw_init_options_init
                0x000000000800644c                rmw_init_options_copy
                0x0000000008006534                rmw_init_options_fini
                0x00000000080065cc                rmw_init
                0x0000000008006838                rmw_shutdown
                0x0000000008006900                rmw_context_fini
 .text          0x0000000008006964      0x140 micro_ros_stm32cubemx_utils/microros_static_library_ide/libmicroros/libmicroros.a(librmw_microxrcedds-rmw_microxrcedds_topic.c.obj)
                0x0000000008006964                create_topic
                0x0000000008006a04                destroy_topic
                0x0000000008006a48                topic_count
 .text          0x0000000008006aa4      0x22c micro_ros_stm32cubemx_utils/microros_static_library_ide/libmicroros/libmicroros.a(librmw_microxrcedds-rmw_node.c.obj)
                0x0000000008006aa4                create_node
                0x0000000008006b98                rmw_create_node
                0x0000000008006bc8                rmw_destroy_node
                0x0000000008006cc0                rmw_node_assert_liveliness
                0x0000000008006cc4                rmw_node_get_graph_guard_condition
 .text          0x0000000008006cd0      0x264 micro_ros_stm32cubemx_utils/microros_static_library_ide/libmicroros/libmicroros.a(librmw_microxrcedds-rmw_service.c.obj)
                0x0000000008006cd0                rmw_create_service
                0x0000000008006e6c                rmw_destroy_service
                0x0000000008006ef4                rmw_service_response_publisher_get_actual_qos
                0x0000000008006f14                rmw_service_request_subscription_get_actual_qos
 .text          0x0000000008006f34      0x2b8 micro_ros_stm32cubemx_utils/microros_static_library_ide/libmicroros/libmicroros.a(librmw_microxrcedds-rmw_subscription.c.obj)
                0x0000000008006f34                rmw_init_subscription_allocation
                0x0000000008006f38                rmw_fini_subscription_allocation
                0x0000000008006f3c                rmw_create_subscription
                0x0000000008007100                rmw_subscription_count_matched_publishers
                0x0000000008007104                rmw_subscription_get_actual_qos
                0x0000000008007124                rmw_destroy_subscription
                0x00000000080071e4                rmw_subscription_set_content_filter
                0x00000000080071e8                rmw_subscription_get_content_filter
 .text          0x00000000080071ec       0x30 micro_ros_stm32cubemx_utils/microros_static_library_ide/libmicroros/libmicroros.a(librmw_microxrcedds-rmw_uxrce_transports.c.obj)
                0x00000000080071ec                rmw_uxrce_transport_init
 .text          0x000000000800721c       0x70 micro_ros_stm32cubemx_utils/microros_static_library_ide/libmicroros/libmicroros.a(librmw_microxrcedds-time_sync.c.obj)
                0x000000000800721c                rmw_uros_epoch_synchronized
                0x0000000008007230                rmw_uros_epoch_millis
                0x000000000800724c                rmw_uros_epoch_nanos
                0x0000000008007268                rmw_uros_sync_session
 .text          0x000000000800728c       0x18 micro_ros_stm32cubemx_utils/microros_static_library_ide/libmicroros/libmicroros.a(librosidl_runtime_c-service_type_support.c.obj)
                0x000000000800728c                get_service_typesupport_handle
                0x0000000008007290                get_service_typesupport_handle_function
 .text          0x00000000080072a4       0x5c micro_ros_stm32cubemx_utils/microros_static_library_ide/libmicroros/libmicroros.a(librosidl_typesupport_c-message_type_support_dispatch.cpp.obj)
                0x00000000080072a4                rosidl_typesupport_c__get_message_typesupport_handle_function
 .text          0x0000000008007300      0x204 micro_ros_stm32cubemx_utils/microros_static_library_ide/libmicroros/libmicroros.a(libstd_msgs__rosidl_generator_c-int32__functions.c.obj)
                0x0000000008007300                std_msgs__msg__Int32__init
                0x0000000008007308                std_msgs__msg__Int32__fini
                0x000000000800730c                std_msgs__msg__Int32__are_equal
                0x0000000008007324                std_msgs__msg__Int32__copy
                0x0000000008007334                std_msgs__msg__Int32__create
                0x0000000008007354                std_msgs__msg__Int32__destroy
                0x0000000008007370                std_msgs__msg__Int32__Sequence__init
                0x00000000080073a0                std_msgs__msg__Int32__Sequence__fini
                0x00000000080073c8                std_msgs__msg__Int32__Sequence__create
                0x0000000008007418                std_msgs__msg__Int32__Sequence__destroy
                0x000000000800744c                std_msgs__msg__Int32__Sequence__are_equal
                0x00000000080074a4                std_msgs__msg__Int32__Sequence__copy
 .text          0x0000000008007504       0x68 micro_ros_stm32cubemx_utils/microros_static_library_ide/libmicroros/libmicroros.a(librcl-domain_id.c.obj)
                0x0000000008007504                rcl_get_default_domain_id
 .text          0x000000000800756c      0x2c8 micro_ros_stm32cubemx_utils/microros_static_library_ide/libmicroros/libmicroros.a(librcl-expand_topic_name.c.obj)
                0x000000000800756c                rcl_expand_topic_name
                0x0000000008007828                rcl_get_default_topic_name_substitutions
 .text          0x0000000008007834      0x2cc micro_ros_stm32cubemx_utils/microros_static_library_ide/libmicroros/libmicroros.a(librcl-guard_condition.c.obj)
                0x0000000008007834                rcl_get_zero_initialized_guard_condition
                0x0000000008007848                __rcl_guard_condition_init_from_rmw_impl
                0x00000000080078ec                rcl_guard_condition_init
                0x0000000008007984                rcl_guard_condition_init_from_rmw
                0x0000000008007a44                rcl_guard_condition_fini
                0x0000000008007a90                rcl_guard_condition_get_default_options
                0x0000000008007ac8                rcl_trigger_guard_condition
                0x0000000008007ae8                rcl_guard_condition_get_options
                0x0000000008007af4                rcl_guard_condition_get_rmw_handle
 .text          0x0000000008007b00      0x35c micro_ros_stm32cubemx_utils/microros_static_library_ide/libmicroros/libmicroros.a(librcl-validate_topic_name.c.obj)
                0x0000000008007b00                rcl_validate_topic_name
                0x0000000008007ca4                rcl_validate_topic_name_with_size
                0x0000000008007e44                rcl_topic_name_validation_result_string
 .text          0x0000000008007e5c      0x1d0 micro_ros_stm32cubemx_utils/microros_static_library_ide/libmicroros/libmicroros.a(librmw_microxrcedds-callbacks.c.obj)
                0x0000000008007e5c                on_status
                0x0000000008007e64                on_topic
                0x0000000008007efc                on_request
                0x0000000008007f98                on_reply
 .text          0x000000000800802c      0x264 micro_ros_stm32cubemx_utils/microros_static_library_ide/libmicroros/libmicroros.a(librmw_microxrcedds-rmw_client.c.obj)
                0x000000000800802c                rmw_create_client
                0x00000000080081c8                rmw_destroy_client
                0x0000000008008250                rmw_client_request_publisher_get_actual_qos
                0x0000000008008270                rmw_client_response_subscription_get_actual_qos
 .text          0x0000000008008290       0x50 micro_ros_stm32cubemx_utils/microros_static_library_ide/libmicroros/libmicroros.a(librmw_microxrcedds-rmw_guard_condition.c.obj)
                0x0000000008008290                rmw_create_guard_condition
                0x00000000080082b8                rmw_destroy_guard_condition
 .text          0x00000000080082e0       0x20 micro_ros_stm32cubemx_utils/microros_static_library_ide/libmicroros/libmicroros.a(librmw_microxrcedds-rmw_trigger_guard_condition.c.obj)
                0x00000000080082e0                rmw_trigger_guard_condition
 .text          0x0000000008008300       0xa0 /usr/lib/gcc/arm-none-eabi/10.3.1/thumb/v7e-m+fp/hard/libgcc.a(_aeabi_ldivmod.o)
                0x0000000008008300                __aeabi_ldivmod
 .text          0x00000000080083a0       0x30 /usr/lib/gcc/arm-none-eabi/10.3.1/thumb/v7e-m+fp/hard/libgcc.a(_aeabi_uldivmod.o)
                0x00000000080083a0                __aeabi_uldivmod
 .text          0x00000000080083d0      0x2d0 /usr/lib/gcc/arm-none-eabi/10.3.1/thumb/v7e-m+fp/hard/libgcc.a(_udivmoddi4.o)
                0x00000000080083d0                __udivmoddi4
 .text          0x00000000080086a0        0x4 /usr/lib/gcc/arm-none-eabi/10.3.1/thumb/v7e-m+fp/hard/libgcc.a(_dvmd_tls.o)
                0x00000000080086a0                __aeabi_ldiv0
                0x00000000080086a0                __aeabi_idiv0
 .text          0x00000000080086a4       0x18 /usr/lib/gcc/arm-none-eabi/10.3.1/../../../arm-none-eabi/lib/thumb/v7e-m+fp/hard/libc_nano.a(lib_a-calloc.o)
                0x00000000080086a4                calloc
 .text          0x00000000080086bc       0x34 /usr/lib/gcc/arm-none-eabi/10.3.1/../../../arm-none-eabi/lib/thumb/v7e-m+fp/hard/libc_nano.a(lib_a-getenv.o)
                0x00000000080086bc                _findenv
                0x00000000080086d4                getenv
 .text          0x00000000080086f0       0x90 /usr/lib/gcc/arm-none-eabi/10.3.1/../../../arm-none-eabi/lib/thumb/v7e-m+fp/hard/libc_nano.a(lib_a-getenv_r.o)
                0x00000000080086f0                _findenv_r
                0x0000000008008770                _getenv_r
 .text          0x0000000008008780       0x20 /usr/lib/gcc/arm-none-eabi/10.3.1/../../../arm-none-eabi/lib/thumb/v7e-m+fp/hard/libc_nano.a(lib_a-malloc.o)
                0x0000000008008780                malloc
                0x0000000008008790                free
 .text          0x00000000080087a0       0x1c /usr/lib/gcc/arm-none-eabi/10.3.1/../../../arm-none-eabi/lib/thumb/v7e-m+fp/hard/libc_nano.a(lib_a-nano-callocr.o)
                0x00000000080087a0                _calloc_r
 *fill*         0x00000000080087bc        0x4 
 .text          0x00000000080087c0       0xfc /usr/lib/gcc/arm-none-eabi/10.3.1/../../../arm-none-eabi/lib/thumb/v7e-m+fp/hard/libc_nano.a(lib_a-rand.o)
                0x00000000080087c0                srand
                0x0000000008008824                rand
 .text          0x00000000080088bc       0x18 /usr/lib/gcc/arm-none-eabi/10.3.1/../../../arm-none-eabi/lib/thumb/v7e-m+fp/hard/libc_nano.a(lib_a-realloc.o)
                0x00000000080088bc                realloc
 .text          0x00000000080088d4       0x2c /usr/lib/gcc/arm-none-eabi/10.3.1/../../../arm-none-eabi/lib/thumb/v7e-m+fp/hard/libc_nano.a(lib_a-setenv.o)
                0x00000000080088d4                setenv
                0x00000000080088f0                unsetenv
 .text          0x0000000008008900      0x1dc /usr/lib/gcc/arm-none-eabi/10.3.1/../../../arm-none-eabi/lib/thumb/v7e-m+fp/hard/libc_nano.a(lib_a-setenv_r.o)
                0x0000000008008900                _setenv_r
                0x0000000008008a60                _unsetenv_r
 .text          0x0000000008008adc      0x108 /usr/lib/gcc/arm-none-eabi/10.3.1/../../../arm-none-eabi/lib/thumb/v7e-m+fp/hard/libc_nano.a(lib_a-snprintf.o)
                0x0000000008008adc                _sniprintf_r
                0x0000000008008adc                _snprintf_r
                0x0000000008008b5c                snprintf
                0x0000000008008b5c                sniprintf
 .text          0x0000000008008be4       0xcc /usr/lib/gcc/arm-none-eabi/10.3.1/../../../arm-none-eabi/lib/thumb/v7e-m+fp/hard/libc_nano.a(lib_a-strchr.o)
                0x0000000008008be4                strchr
 *fill*         0x0000000008008cb0       0x10 
 .text          0x0000000008008cc0      0x2dc /usr/lib/gcc/arm-none-eabi/10.3.1/../../../arm-none-eabi/lib/thumb/v7e-m+fp/hard/libc_nano.a(lib_a-strcmp.o)
                0x0000000008008cc8                strcmp
 .text          0x0000000008008f9c       0xbc /usr/lib/gcc/arm-none-eabi/10.3.1/../../../arm-none-eabi/lib/thumb/v7e-m+fp/hard/libc_nano.a(lib_a-strcpy.o)
                0x0000000008008f9c                strcpy
 *fill*         0x0000000008009058       0x28 
 .text          0x0000000008009080       0xdc /usr/lib/gcc/arm-none-eabi/10.3.1/../../../arm-none-eabi/lib/thumb/v7e-m+fp/hard/libc_nano.a(lib_a-strlen.o)
                0x0000000008009080                strlen
 .text          0x000000000800915c       0x80 /usr/lib/gcc/arm-none-eabi/10.3.1/../../../arm-none-eabi/lib/thumb/v7e-m+fp/hard/libc_nano.a(lib_a-strncmp.o)
                0x000000000800915c                strncmp
 .text          0x00000000080091dc      0x41c /usr/lib/gcc/arm-none-eabi/10.3.1/../../../arm-none-eabi/lib/thumb/v7e-m+fp/hard/libc_nano.a(lib_a-strstr.o)
                0x0000000008009490                strstr
 .text          0x00000000080095f8      0x170 /usr/lib/gcc/arm-none-eabi/10.3.1/../../../arm-none-eabi/lib/thumb/v7e-m+fp/hard/libc_nano.a(lib_a-strtoul.o)
                0x0000000008009734                _strtoul_r
                0x0000000008009738                strtoul_l
                0x0000000008009750                strtoul
 .text          0x0000000008009768       0xe0 /usr/lib/gcc/arm-none-eabi/10.3.1/../../../arm-none-eabi/lib/thumb/v7e-m+fp/hard/libc_nano.a(lib_a-vsnprintf.o)
                0x0000000008009768                vsnprintf
                0x0000000008009768                vsniprintf
                0x00000000080097d8                _vsnprintf_r
                0x00000000080097d8                _vsniprintf_r
 .text          0x0000000008009848       0x4c /usr/lib/gcc/arm-none-eabi/10.3.1/../../../arm-none-eabi/lib/thumb/v7e-m+fp/hard/libc_nano.a(lib_a-assert.o)
                0x0000000008009848                __assert_func
                0x0000000008009888                __assert
 .text          0x0000000008009894        0x8 /usr/lib/gcc/arm-none-eabi/10.3.1/../../../arm-none-eabi/lib/thumb/v7e-m+fp/hard/libc_nano.a(lib_a-envlock.o)
                0x0000000008009894                __env_lock
                0x0000000008009898                __env_unlock
 .text          0x000000000800989c       0x44 /usr/lib/gcc/arm-none-eabi/10.3.1/../../../arm-none-eabi/lib/thumb/v7e-m+fp/hard/libc_nano.a(lib_a-fprintf.o)
                0x000000000800989c                _fprintf_r
                0x000000000800989c                _fiprintf_r
                0x00000000080098b8                fprintf
                0x00000000080098b8                fiprintf
 .text          0x00000000080098e0       0x64 /usr/lib/gcc/arm-none-eabi/10.3.1/../../../arm-none-eabi/lib/thumb/v7e-m+fp/hard/libc_nano.a(lib_a-memcmp.o)
                0x00000000080098e0                memcmp
 .text          0x0000000008009944      0x3f0 /usr/lib/gcc/arm-none-eabi/10.3.1/../../../arm-none-eabi/lib/thumb/v7e-m+fp/hard/libc_nano.a(lib_a-nano-svfprintf.o)
                0x0000000008009944                __ssputs_r
                0x0000000008009a08                __ssprint_r
                0x0000000008009b00                _svfprintf_r
                0x0000000008009b00                _svfiprintf_r
 .text          0x0000000008009d34       0x24 /usr/lib/gcc/arm-none-eabi/10.3.1/../../../arm-none-eabi/lib/thumb/v7e-m+fp/hard/libc_nano.a(lib_a-strnlen.o)
                0x0000000008009d34                strnlen
 .text          0x0000000008009d58       0x10 /usr/lib/gcc/arm-none-eabi/10.3.1/../../../arm-none-eabi/lib/thumb/v7e-m+fp/hard/libc_nano.a(lib_a-abort.o)
                0x0000000008009d58                abort
 .text          0x0000000008009d68      0x268 /usr/lib/gcc/arm-none-eabi/10.3.1/../../../arm-none-eabi/lib/thumb/v7e-m+fp/hard/libc_nano.a(lib_a-signal.o)
                0x0000000008009d68                _init_signal_r
                0x0000000008009d94                _signal_r
                0x0000000008009ddc                _raise_r
                0x0000000008009e30                __sigtramp_r
                0x0000000008009e90                raise
                0x0000000008009ee8                signal
                0x0000000008009f38                _init_signal
                0x0000000008009f6c                __sigtramp
 .text          0x0000000008009fd0       0x30 /usr/lib/gcc/arm-none-eabi/10.3.1/../../../arm-none-eabi/lib/thumb/v7e-m+fp/hard/libc_nano.a(lib_a-signalr.o)
                0x0000000008009fd0                _kill_r
                0x0000000008009ffc                _getpid_r
 *(.text*)
 .text.MX_GPIO_Init
                0x000000000800a000       0x4c build/main.o
 .text.MX_DMA_Init
                0x000000000800a04c       0x44 build/main.o
 .text.StartDefaultTask
                0x000000000800a090      0x104 build/main.o
                0x000000000800a090                StartDefaultTask
 .text.Error_Handler
                0x000000000800a194        0x4 build/main.o
                0x000000000800a194                Error_Handler
 .text.MX_USART6_UART_Init
                0x000000000800a198       0x34 build/main.o
 .text.SystemClock_Config
                0x000000000800a1cc       0xa8 build/main.o
                0x000000000800a1cc                SystemClock_Config
 .text.main     0x000000000800a274       0x3c build/main.o
                0x000000000800a274                main
 .text.NMI_Handler
                0x000000000800a2b0        0x2 build/stm32f4xx_it.o
                0x000000000800a2b0                NMI_Handler
 .text.HardFault_Handler
                0x000000000800a2b2        0x2 build/stm32f4xx_it.o
                0x000000000800a2b2                HardFault_Handler
 .text.MemManage_Handler
                0x000000000800a2b4        0x2 build/stm32f4xx_it.o
                0x000000000800a2b4                MemManage_Handler
 .text.BusFault_Handler
                0x000000000800a2b6        0x2 build/stm32f4xx_it.o
                0x000000000800a2b6                BusFault_Handler
 .text.UsageFault_Handler
                0x000000000800a2b8        0x2 build/stm32f4xx_it.o
                0x000000000800a2b8                UsageFault_Handler
 .text.DebugMon_Handler
                0x000000000800a2ba        0x2 build/stm32f4xx_it.o
                0x000000000800a2ba                DebugMon_Handler
 .text.SysTick_Handler
                0x000000000800a2bc       0x16 build/stm32f4xx_it.o
                0x000000000800a2bc                SysTick_Handler
 *fill*         0x000000000800a2d2        0x2 
 .text.DMA2_Stream1_IRQHandler
                0x000000000800a2d4       0x10 build/stm32f4xx_it.o
                0x000000000800a2d4                DMA2_Stream1_IRQHandler
 .text.DMA2_Stream6_IRQHandler
                0x000000000800a2e4       0x10 build/stm32f4xx_it.o
                0x000000000800a2e4                DMA2_Stream6_IRQHandler
 .text.USART6_IRQHandler
                0x000000000800a2f4       0x10 build/stm32f4xx_it.o
                0x000000000800a2f4                USART6_IRQHandler
 .text.HAL_MspInit
                0x000000000800a304       0x44 build/stm32f4xx_hal_msp.o
                0x000000000800a304                HAL_MspInit
 .text.HAL_UART_MspInit
                0x000000000800a348       0xf8 build/stm32f4xx_hal_msp.o
                0x000000000800a348                HAL_UART_MspInit
 .text.HAL_RCC_OscConfig
                0x000000000800a440      0x3f8 build/stm32f4xx_hal_rcc.o
                0x000000000800a440                HAL_RCC_OscConfig
 .text.HAL_RCC_GetSysClockFreq
                0x000000000800a838       0xd4 build/stm32f4xx_hal_rcc.o
                0x000000000800a838                HAL_RCC_GetSysClockFreq
 .text.HAL_RCC_ClockConfig
                0x000000000800a90c      0x160 build/stm32f4xx_hal_rcc.o
                0x000000000800a90c                HAL_RCC_ClockConfig
 .text.HAL_RCC_GetHCLKFreq
                0x000000000800aa6c        0xc build/stm32f4xx_hal_rcc.o
                0x000000000800aa6c                HAL_RCC_GetHCLKFreq
 .text.HAL_RCC_GetPCLK1Freq
                0x000000000800aa78       0x20 build/stm32f4xx_hal_rcc.o
                0x000000000800aa78                HAL_RCC_GetPCLK1Freq
 .text.HAL_RCC_GetPCLK2Freq
                0x000000000800aa98       0x20 build/stm32f4xx_hal_rcc.o
                0x000000000800aa98                HAL_RCC_GetPCLK2Freq
 .text.HAL_GPIO_Init
                0x000000000800aab8      0x1e4 build/stm32f4xx_hal_gpio.o
                0x000000000800aab8                HAL_GPIO_Init
 .text.DMA_SetConfig
                0x000000000800ac9c       0x2c build/stm32f4xx_hal_dma.o
 .text.DMA_CalcBaseAndBitshift
                0x000000000800acc8       0x44 build/stm32f4xx_hal_dma.o
 .text.DMA_CheckFifoParam
                0x000000000800ad0c       0x8e build/stm32f4xx_hal_dma.o
 *fill*         0x000000000800ad9a        0x2 
 .text.HAL_DMA_Init
                0x000000000800ad9c       0xcc build/stm32f4xx_hal_dma.o
                0x000000000800ad9c                HAL_DMA_Init
 .text.HAL_DMA_Start_IT
                0x000000000800ae68       0x6a build/stm32f4xx_hal_dma.o
                0x000000000800ae68                HAL_DMA_Start_IT
 .text.HAL_DMA_Abort
                0x000000000800aed2       0x94 build/stm32f4xx_hal_dma.o
                0x000000000800aed2                HAL_DMA_Abort
 .text.HAL_DMA_Abort_IT
                0x000000000800af66       0x26 build/stm32f4xx_hal_dma.o
                0x000000000800af66                HAL_DMA_Abort_IT
 .text.HAL_DMA_IRQHandler
                0x000000000800af8c      0x1dc build/stm32f4xx_hal_dma.o
                0x000000000800af8c                HAL_DMA_IRQHandler
 .text.HAL_NVIC_SetPriorityGrouping
                0x000000000800b168       0x24 build/stm32f4xx_hal_cortex.o
                0x000000000800b168                HAL_NVIC_SetPriorityGrouping
 .text.HAL_NVIC_SetPriority
                0x000000000800b18c       0x70 build/stm32f4xx_hal_cortex.o
                0x000000000800b18c                HAL_NVIC_SetPriority
 .text.HAL_NVIC_EnableIRQ
                0x000000000800b1fc       0x1c build/stm32f4xx_hal_cortex.o
                0x000000000800b1fc                HAL_NVIC_EnableIRQ
 .text.HAL_SYSTICK_Config
                0x000000000800b218       0x28 build/stm32f4xx_hal_cortex.o
                0x000000000800b218                HAL_SYSTICK_Config
 .text.HAL_InitTick
                0x000000000800b240       0x4c build/stm32f4xx_hal.o
                0x000000000800b240                HAL_InitTick
 .text.HAL_Init
                0x000000000800b28c       0x34 build/stm32f4xx_hal.o
                0x000000000800b28c                HAL_Init
 .text.HAL_IncTick
                0x000000000800b2c0       0x18 build/stm32f4xx_hal.o
                0x000000000800b2c0                HAL_IncTick
 .text.HAL_GetTick
                0x000000000800b2d8        0xc build/stm32f4xx_hal.o
                0x000000000800b2d8                HAL_GetTick
 .text.UART_EndTxTransfer
                0x000000000800b2e4       0x20 build/stm32f4xx_hal_uart.o
 .text.UART_EndRxTransfer
                0x000000000800b304       0x5c build/stm32f4xx_hal_uart.o
 .text.UART_Transmit_IT
                0x000000000800b360       0x60 build/stm32f4xx_hal_uart.o
 .text.UART_SetConfig
                0x000000000800b3c0      0x110 build/stm32f4xx_hal_uart.o
 .text.HAL_UART_Init
                0x000000000800b4d0       0x60 build/stm32f4xx_hal_uart.o
                0x000000000800b4d0                HAL_UART_Init
 .text.HAL_UART_Transmit_DMA
                0x000000000800b530       0x90 build/stm32f4xx_hal_uart.o
                0x000000000800b530                HAL_UART_Transmit_DMA
 .text.HAL_UART_DMAStop
                0x000000000800b5c0       0x84 build/stm32f4xx_hal_uart.o
                0x000000000800b5c0                HAL_UART_DMAStop
 .text.HAL_UART_TxCpltCallback
                0x000000000800b644        0x2 build/stm32f4xx_hal_uart.o
                0x000000000800b644                HAL_UART_TxCpltCallback
 .text.UART_DMATransmitCplt
                0x000000000800b646       0x4c build/stm32f4xx_hal_uart.o
 .text.UART_EndTransmit_IT
                0x000000000800b692       0x1a build/stm32f4xx_hal_uart.o
 .text.HAL_UART_TxHalfCpltCallback
                0x000000000800b6ac        0x2 build/stm32f4xx_hal_uart.o
                0x000000000800b6ac                HAL_UART_TxHalfCpltCallback
 .text.UART_DMATxHalfCplt
                0x000000000800b6ae        0xa build/stm32f4xx_hal_uart.o
 .text.HAL_UART_RxCpltCallback
                0x000000000800b6b8        0x2 build/stm32f4xx_hal_uart.o
                0x000000000800b6b8                HAL_UART_RxCpltCallback
 .text.HAL_UART_RxHalfCpltCallback
                0x000000000800b6ba        0x2 build/stm32f4xx_hal_uart.o
                0x000000000800b6ba                HAL_UART_RxHalfCpltCallback
 .text.HAL_UART_ErrorCallback
                0x000000000800b6bc        0x2 build/stm32f4xx_hal_uart.o
                0x000000000800b6bc                HAL_UART_ErrorCallback
 .text.UART_DMAError
                0x000000000800b6be       0x58 build/stm32f4xx_hal_uart.o
 .text.UART_DMAAbortOnError
                0x000000000800b716        0xe build/stm32f4xx_hal_uart.o
 .text.HAL_UARTEx_RxEventCallback
                0x000000000800b724        0x2 build/stm32f4xx_hal_uart.o
                0x000000000800b724                HAL_UARTEx_RxEventCallback
 .text.UART_Receive_IT
                0x000000000800b726       0xe6 build/stm32f4xx_hal_uart.o
 .text.HAL_UART_IRQHandler
                0x000000000800b80c      0x2a4 build/stm32f4xx_hal_uart.o
                0x000000000800b80c                HAL_UART_IRQHandler
 .text.UART_DMARxHalfCplt
                0x000000000800bab0       0x1e build/stm32f4xx_hal_uart.o
 .text.UART_DMAReceiveCplt
                0x000000000800bace       0x9a build/stm32f4xx_hal_uart.o
 .text.UART_Start_Receive_DMA
                0x000000000800bb68       0xb8 build/stm32f4xx_hal_uart.o
                0x000000000800bb68                UART_Start_Receive_DMA
 .text.HAL_UART_Receive_DMA
                0x000000000800bc20       0x26 build/stm32f4xx_hal_uart.o
                0x000000000800bc20                HAL_UART_Receive_DMA
 *fill*         0x000000000800bc46        0x2 
 .text.SystemInit
                0x000000000800bc48       0x14 build/system_stm32f4xx.o
                0x000000000800bc48                SystemInit
 .text.vListInitialise
                0x000000000800bc5c       0x16 build/list.o
                0x000000000800bc5c                vListInitialise
 .text.vListInitialiseItem
                0x000000000800bc72        0x6 build/list.o
                0x000000000800bc72                vListInitialiseItem
 .text.vListInsertEnd
                0x000000000800bc78       0x16 build/list.o
                0x000000000800bc78                vListInsertEnd
 .text.vListInsert
                0x000000000800bc8e       0x32 build/list.o
                0x000000000800bc8e                vListInsert
 .text.uxListRemove
                0x000000000800bcc0       0x26 build/list.o
                0x000000000800bcc0                uxListRemove
 .text.prvIsQueueFull
                0x000000000800bce6       0x1e build/queue.o
 .text.prvIsQueueEmpty
                0x000000000800bd04       0x1a build/queue.o
 .text.prvCopyDataToQueue
                0x000000000800bd1e       0x76 build/queue.o
 .text.prvCopyDataFromQueue
                0x000000000800bd94       0x24 build/queue.o
 .text.prvUnlockQueue
                0x000000000800bdb8       0x6e build/queue.o
 .text.xQueueGenericReset
                0x000000000800be26       0x84 build/queue.o
                0x000000000800be26                xQueueGenericReset
 .text.prvInitialiseNewQueue
                0x000000000800beaa       0x22 build/queue.o
 .text.xQueueGenericCreateStatic
                0x000000000800becc       0x94 build/queue.o
                0x000000000800becc                xQueueGenericCreateStatic
 .text.xQueueGenericSend
                0x000000000800bf60      0x188 build/queue.o
                0x000000000800bf60                xQueueGenericSend
 .text.xQueueGenericSendFromISR
                0x000000000800c0e8       0xce build/queue.o
                0x000000000800c0e8                xQueueGenericSendFromISR
 .text.xQueueReceive
                0x000000000800c1b6      0x15e build/queue.o
                0x000000000800c1b6                xQueueReceive
 .text.vQueueAddToRegistry
                0x000000000800c314       0x28 build/queue.o
                0x000000000800c314                vQueueAddToRegistry
 .text.vQueueWaitForMessageRestricted
                0x000000000800c33c       0x52 build/queue.o
                0x000000000800c33c                vQueueWaitForMessageRestricted
 *fill*         0x000000000800c38e        0x2 
 .text.prvResetNextTaskUnblockTime
                0x000000000800c390       0x2c build/tasks.o
 .text.prvInitialiseNewTask
                0x000000000800c3bc       0xa6 build/tasks.o
 *fill*         0x000000000800c462        0x2 
 .text.prvInitialiseTaskLists
                0x000000000800c464       0x68 build/tasks.o
 .text.prvAddNewTaskToReadyList
                0x000000000800c4cc       0xac build/tasks.o
 .text.prvDeleteTCB
                0x000000000800c578       0x38 build/tasks.o
 .text.prvCheckTasksWaitingTermination
                0x000000000800c5b0       0x4c build/tasks.o
 .text.prvIdleTask
                0x000000000800c5fc       0x28 build/tasks.o
 .text.prvAddCurrentTaskToDelayedList
                0x000000000800c624       0x7c build/tasks.o
 .text.xTaskCreateStatic
                0x000000000800c6a0       0x76 build/tasks.o
                0x000000000800c6a0                xTaskCreateStatic
 .text.xTaskCreate
                0x000000000800c716       0x68 build/tasks.o
                0x000000000800c716                xTaskCreate
 *fill*         0x000000000800c77e        0x2 
 .text.vTaskStartScheduler
                0x000000000800c780       0x9c build/tasks.o
                0x000000000800c780                vTaskStartScheduler
 .text.vTaskSuspendAll
                0x000000000800c81c       0x10 build/tasks.o
                0x000000000800c81c                vTaskSuspendAll
 .text.xTaskGetTickCount
                0x000000000800c82c        0xc build/tasks.o
                0x000000000800c82c                xTaskGetTickCount
 .text.xTaskIncrementTick
                0x000000000800c838      0x118 build/tasks.o
                0x000000000800c838                xTaskIncrementTick
 .text.xTaskResumeAll
                0x000000000800c950       0xf8 build/tasks.o
                0x000000000800c950                xTaskResumeAll
 .text.vTaskDelay
                0x000000000800ca48       0x4c build/tasks.o
                0x000000000800ca48                vTaskDelay
 .text.vTaskSwitchContext
                0x000000000800ca94       0x94 build/tasks.o
                0x000000000800ca94                vTaskSwitchContext
 .text.vTaskPlaceOnEventList
                0x000000000800cb28       0x30 build/tasks.o
                0x000000000800cb28                vTaskPlaceOnEventList
 .text.vTaskPlaceOnEventListRestricted
                0x000000000800cb58       0x38 build/tasks.o
                0x000000000800cb58                vTaskPlaceOnEventListRestricted
 .text.xTaskRemoveFromEventList
                0x000000000800cb90       0x8c build/tasks.o
                0x000000000800cb90                xTaskRemoveFromEventList
 .text.vTaskSetTimeOutState
                0x000000000800cc1c       0x38 build/tasks.o
                0x000000000800cc1c                vTaskSetTimeOutState
 .text.vTaskInternalSetTimeOutState
                0x000000000800cc54       0x18 build/tasks.o
                0x000000000800cc54                vTaskInternalSetTimeOutState
 .text.xTaskCheckForTimeOut
                0x000000000800cc6c       0x84 build/tasks.o
                0x000000000800cc6c                xTaskCheckForTimeOut
 .text.vTaskMissedYield
                0x000000000800ccf0        0xc build/tasks.o
                0x000000000800ccf0                vTaskMissedYield
 .text.xTaskGetSchedulerState
                0x000000000800ccfc       0x20 build/tasks.o
                0x000000000800ccfc                xTaskGetSchedulerState
 .text.xTaskPriorityDisinherit
                0x000000000800cd1c       0x90 build/tasks.o
                0x000000000800cd1c                xTaskPriorityDisinherit
 .text.prvGetNextExpireTime
                0x000000000800cdac       0x20 build/timers.o
 .text.prvInsertTimerInActiveList
                0x000000000800cdcc       0x48 build/timers.o
 .text.prvCheckForValidListAndQueue
                0x000000000800ce14       0x70 build/timers.o
 .text.xTimerCreateTimerTask
                0x000000000800ce84       0x64 build/timers.o
                0x000000000800ce84                xTimerCreateTimerTask
 .text.xTimerGenericCommand
                0x000000000800cee8       0x6c build/timers.o
                0x000000000800cee8                xTimerGenericCommand
 .text.prvSwitchTimerLists
                0x000000000800cf54       0x7c build/timers.o
 .text.prvSampleTimeNow
                0x000000000800cfd0       0x2c build/timers.o
 .text.prvProcessExpiredTimer
                0x000000000800cffc       0x6c build/timers.o
 .text.prvProcessTimerOrBlockTask
                0x000000000800d068       0x74 build/timers.o
 .text.prvProcessReceivedCommands
                0x000000000800d0dc      0x10c build/timers.o
 .text.prvTimerTask
                0x000000000800d1e8       0x16 build/timers.o
 *fill*         0x000000000800d1fe        0x2 
 .text.osKernelInitialize
                0x000000000800d200       0x24 build/cmsis_os2.o
                0x000000000800d200                osKernelInitialize
 .text.osKernelStart
                0x000000000800d224       0x38 build/cmsis_os2.o
                0x000000000800d224                osKernelStart
 .text.osThreadNew
                0x000000000800d25c       0xbc build/cmsis_os2.o
                0x000000000800d25c                osThreadNew
 .text.osDelay  0x000000000800d318       0x1c build/cmsis_os2.o
                0x000000000800d318                osDelay
 .text.vApplicationGetIdleTaskMemory
                0x000000000800d334       0x18 build/cmsis_os2.o
                0x000000000800d334                vApplicationGetIdleTaskMemory
 .text.vApplicationGetTimerTaskMemory
                0x000000000800d34c       0x18 build/cmsis_os2.o
                0x000000000800d34c                vApplicationGetTimerTaskMemory
 .text.prvHeapInit
                0x000000000800d364       0x64 build/heap_4.o
 .text.prvInsertBlockIntoFreeList
                0x000000000800d3c8       0x64 build/heap_4.o
 .text.pvPortMalloc
                0x000000000800d42c       0xfc build/heap_4.o
                0x000000000800d42c                pvPortMalloc
 .text.vPortFree
                0x000000000800d528       0x7c build/heap_4.o
                0x000000000800d528                vPortFree
 .text.prvTaskExitError
                0x000000000800d5a4       0x40 build/port.o
 .text.prvPortStartFirstTask
                0x000000000800d5e4       0x28 build/port.o
 .text.vPortEnableVFP
                0x000000000800d60c       0x14 build/port.o
 .text.pxPortInitialiseStack
                0x000000000800d620       0x2c build/port.o
                0x000000000800d620                pxPortInitialiseStack
 *fill*         0x000000000800d64c        0x4 
 .text.SVC_Handler
                0x000000000800d650       0x24 build/port.o
                0x000000000800d650                SVC_Handler
 .text.vPortEnterCritical
                0x000000000800d674       0x44 build/port.o
                0x000000000800d674                vPortEnterCritical
 .text.vPortExitCritical
                0x000000000800d6b8       0x2c build/port.o
                0x000000000800d6b8                vPortExitCritical
 *fill*         0x000000000800d6e4        0xc 
 .text.PendSV_Handler
                0x000000000800d6f0       0x64 build/port.o
                0x000000000800d6f0                PendSV_Handler
 .text.xPortSysTickHandler
                0x000000000800d754       0x2c build/port.o
                0x000000000800d754                xPortSysTickHandler
 .text.vPortSetupTimerInterrupt
                0x000000000800d780       0x28 build/port.o
                0x000000000800d780                vPortSetupTimerInterrupt
 .text.xPortStartScheduler
                0x000000000800d7a8      0x118 build/port.o
                0x000000000800d7a8                xPortStartScheduler
 .text.vPortValidateInterruptPriority
                0x000000000800d8c0       0x5c build/port.o
                0x000000000800d8c0                vPortValidateInterruptPriority
 .text._sbrk    0x000000000800d91c       0x48 build/sysmem.o
                0x000000000800d91c                _sbrk
 .text._getpid  0x000000000800d964        0x4 build/syscalls.o
                0x000000000800d964                _getpid
 .text._kill    0x000000000800d968       0x10 build/syscalls.o
                0x000000000800d968                _kill
 .text._exit    0x000000000800d978        0xc build/syscalls.o
                0x000000000800d978                _exit
 .text._read    0x000000000800d984       0x20 build/syscalls.o
                0x000000000800d984                _read
 .text._write   0x000000000800d9a4       0x1c build/syscalls.o
                0x000000000800d9a4                _write
 .text._close   0x000000000800d9c0        0x6 build/syscalls.o
                0x000000000800d9c0                _close
 .text._fstat   0x000000000800d9c6        0xa build/syscalls.o
                0x000000000800d9c6                _fstat
 .text._isatty  0x000000000800d9d0        0x4 build/syscalls.o
                0x000000000800d9d0                _isatty
 .text._lseek   0x000000000800d9d4        0x4 build/syscalls.o
                0x000000000800d9d4                _lseek
 .text.microros_allocate
                0x000000000800d9d8       0x24 build/microros_allocators.o
                0x000000000800d9d8                microros_allocate
 .text.microros_deallocate
                0x000000000800d9fc       0x20 build/microros_allocators.o
                0x000000000800d9fc                microros_deallocate
 .text.microros_reallocate
                0x000000000800da1c       0x40 build/microros_allocators.o
                0x000000000800da1c                microros_reallocate
 .text.microros_zero_allocate
                0x000000000800da5c       0x24 build/microros_allocators.o
                0x000000000800da5c                microros_zero_allocate
 .text.prvHeapInit
                0x000000000800da80       0x64 build/custom_memory_manager.o
 .text.prvInsertBlockIntoFreeList
                0x000000000800dae4       0x64 build/custom_memory_manager.o
 .text.pvPortMallocMicroROS
                0x000000000800db48       0xf0 build/custom_memory_manager.o
                0x000000000800db48                pvPortMallocMicroROS
 .text.vPortFreeMicroROS
                0x000000000800dc38       0x70 build/custom_memory_manager.o
                0x000000000800dc38                vPortFreeMicroROS
 .text.getBlockSize
                0x000000000800dca8       0x14 build/custom_memory_manager.o
                0x000000000800dca8                getBlockSize
 .text.pvPortReallocMicroROS
                0x000000000800dcbc       0x3c build/custom_memory_manager.o
                0x000000000800dcbc                pvPortReallocMicroROS
 .text.pvPortCallocMicroROS
                0x000000000800dcf8       0x30 build/custom_memory_manager.o
                0x000000000800dcf8                pvPortCallocMicroROS
 .text.UTILS_NanosecondsToTimespec
                0x000000000800dd28       0x68 build/microros_time.o
                0x000000000800dd28                UTILS_NanosecondsToTimespec
 .text.clock_gettime
                0x000000000800dd90       0x58 build/microros_time.o
                0x000000000800dd90                clock_gettime
 .text.cubemx_transport_open
                0x000000000800dde8       0x18 build/dma_transport.o
                0x000000000800dde8                cubemx_transport_open
 .text.cubemx_transport_close
                0x000000000800de00        0xe build/dma_transport.o
                0x000000000800de00                cubemx_transport_close
 .text.cubemx_transport_write
                0x000000000800de0e       0x3e build/dma_transport.o
                0x000000000800de0e                cubemx_transport_write
 .text.cubemx_transport_read
                0x000000000800de4c       0x78 build/dma_transport.o
                0x000000000800de4c                cubemx_transport_read
 .text.Reset_Handler
                0x000000000800dec4       0x50 build/startup_stm32f405xx.o
                0x000000000800dec4                Reset_Handler
 .text.Default_Handler
                0x000000000800df14        0x2 build/startup_stm32f405xx.o
                0x000000000800df14                RTC_Alarm_IRQHandler
                0x000000000800df14                HASH_RNG_IRQHandler
                0x000000000800df14                EXTI2_IRQHandler
                0x000000000800df14                TIM8_CC_IRQHandler
                0x000000000800df14                TIM1_CC_IRQHandler
                0x000000000800df14                DMA2_Stream5_IRQHandler
                0x000000000800df14                DMA1_Stream5_IRQHandler
                0x000000000800df14                PVD_IRQHandler
                0x000000000800df14                SDIO_IRQHandler
                0x000000000800df14                TAMP_STAMP_IRQHandler
                0x000000000800df14                CAN2_RX1_IRQHandler
                0x000000000800df14                EXTI3_IRQHandler
                0x000000000800df14                TIM8_TRG_COM_TIM14_IRQHandler
                0x000000000800df14                TIM1_UP_TIM10_IRQHandler
                0x000000000800df14                TIM8_UP_TIM13_IRQHandler
                0x000000000800df14                I2C3_ER_IRQHandler
                0x000000000800df14                EXTI0_IRQHandler
                0x000000000800df14                I2C2_EV_IRQHandler
                0x000000000800df14                DMA1_Stream2_IRQHandler
                0x000000000800df14                CAN1_RX0_IRQHandler
                0x000000000800df14                FPU_IRQHandler
                0x000000000800df14                OTG_HS_WKUP_IRQHandler
                0x000000000800df14                CAN2_SCE_IRQHandler
                0x000000000800df14                DMA2_Stream2_IRQHandler
                0x000000000800df14                SPI1_IRQHandler
                0x000000000800df14                TIM6_DAC_IRQHandler
                0x000000000800df14                TIM1_BRK_TIM9_IRQHandler
                0x000000000800df14                CAN2_RX0_IRQHandler
                0x000000000800df14                DMA2_Stream3_IRQHandler
                0x000000000800df14                USART3_IRQHandler
                0x000000000800df14                CAN1_RX1_IRQHandler
                0x000000000800df14                UART5_IRQHandler
                0x000000000800df14                DMA2_Stream0_IRQHandler
                0x000000000800df14                TIM4_IRQHandler
                0x000000000800df14                I2C1_EV_IRQHandler
                0x000000000800df14                DMA1_Stream6_IRQHandler
                0x000000000800df14                DMA1_Stream1_IRQHandler
                0x000000000800df14                UART4_IRQHandler
                0x000000000800df14                TIM3_IRQHandler
                0x000000000800df14                RCC_IRQHandler
                0x000000000800df14                TIM8_BRK_TIM12_IRQHandler
                0x000000000800df14                Default_Handler
                0x000000000800df14                EXTI15_10_IRQHandler
                0x000000000800df14                ADC_IRQHandler
                0x000000000800df14                DMA1_Stream7_IRQHandler
                0x000000000800df14                TIM7_IRQHandler
                0x000000000800df14                CAN2_TX_IRQHandler
                0x000000000800df14                TIM5_IRQHandler
                0x000000000800df14                DMA2_Stream7_IRQHandler
                0x000000000800df14                I2C3_EV_IRQHandler
                0x000000000800df14                EXTI9_5_IRQHandler
                0x000000000800df14                RTC_WKUP_IRQHandler
                0x000000000800df14                SPI2_IRQHandler
                0x000000000800df14                OTG_HS_EP1_IN_IRQHandler
                0x000000000800df14                DMA1_Stream0_IRQHandler
                0x000000000800df14                CAN1_TX_IRQHandler
                0x000000000800df14                EXTI4_IRQHandler
                0x000000000800df14                FSMC_IRQHandler
                0x000000000800df14                OTG_HS_EP1_OUT_IRQHandler
                0x000000000800df14                WWDG_IRQHandler
                0x000000000800df14                TIM2_IRQHandler
                0x000000000800df14                OTG_FS_WKUP_IRQHandler
                0x000000000800df14                TIM1_TRG_COM_TIM11_IRQHandler
                0x000000000800df14                OTG_HS_IRQHandler
                0x000000000800df14                EXTI1_IRQHandler
                0x000000000800df14                USART2_IRQHandler
                0x000000000800df14                I2C2_ER_IRQHandler
                0x000000000800df14                CAN1_SCE_IRQHandler
                0x000000000800df14                FLASH_IRQHandler
                0x000000000800df14                DMA2_Stream4_IRQHandler
                0x000000000800df14                USART1_IRQHandler
                0x000000000800df14                OTG_FS_IRQHandler
                0x000000000800df14                SPI3_IRQHandler
                0x000000000800df14                DMA1_Stream4_IRQHandler
                0x000000000800df14                I2C1_ER_IRQHandler
                0x000000000800df14                DMA1_Stream3_IRQHandler
 *fill*         0x000000000800df16        0x2 
 .text.startup  0x000000000800df18       0x14 micro_ros_stm32cubemx_utils/microros_static_library_ide/libmicroros/libmicroros.a(libstd_msgs__rosidl_typesupport_c-int32__type_support.cpp.obj)
 .text.ucdr_serialize_bool
                0x000000000800df2c       0x2c micro_ros_stm32cubemx_utils/microros_static_library_ide/libmicroros/libmicroros.a(libmicrocdr-basic.c.obj)
                0x000000000800df2c                ucdr_serialize_bool
 .text.ucdr_deserialize_bool
                0x000000000800df58       0x30 micro_ros_stm32cubemx_utils/microros_static_library_ide/libmicroros/libmicroros.a(libmicrocdr-basic.c.obj)
                0x000000000800df58                ucdr_deserialize_bool
 .text.ucdr_serialize_uint8_t
                0x000000000800df88       0x2c micro_ros_stm32cubemx_utils/microros_static_library_ide/libmicroros/libmicroros.a(libmicrocdr-basic.c.obj)
                0x000000000800df88                ucdr_serialize_uint8_t
 .text.ucdr_deserialize_uint8_t
                0x000000000800dfb4       0x2c micro_ros_stm32cubemx_utils/microros_static_library_ide/libmicroros/libmicroros.a(libmicrocdr-basic.c.obj)
                0x000000000800dfb4                ucdr_deserialize_uint8_t
 .text.ucdr_serialize_uint16_t
                0x000000000800dfe0      0x100 micro_ros_stm32cubemx_utils/microros_static_library_ide/libmicroros/libmicroros.a(libmicrocdr-basic.c.obj)
                0x000000000800dfe0                ucdr_serialize_uint16_t
 .text.ucdr_serialize_endian_uint16_t
                0x000000000800e0e0      0x100 micro_ros_stm32cubemx_utils/microros_static_library_ide/libmicroros/libmicroros.a(libmicrocdr-basic.c.obj)
                0x000000000800e0e0                ucdr_serialize_endian_uint16_t
 .text.ucdr_deserialize_uint16_t
                0x000000000800e1e0       0xe8 micro_ros_stm32cubemx_utils/microros_static_library_ide/libmicroros/libmicroros.a(libmicrocdr-basic.c.obj)
                0x000000000800e1e0                ucdr_deserialize_uint16_t
 .text.ucdr_deserialize_endian_uint16_t
                0x000000000800e2c8       0xec micro_ros_stm32cubemx_utils/microros_static_library_ide/libmicroros/libmicroros.a(libmicrocdr-basic.c.obj)
                0x000000000800e2c8                ucdr_deserialize_endian_uint16_t
 .text.ucdr_serialize_uint32_t
                0x000000000800e3b4      0x130 micro_ros_stm32cubemx_utils/microros_static_library_ide/libmicroros/libmicroros.a(libmicrocdr-basic.c.obj)
                0x000000000800e3b4                ucdr_serialize_uint32_t
 .text.ucdr_serialize_endian_uint32_t
                0x000000000800e4e4      0x130 micro_ros_stm32cubemx_utils/microros_static_library_ide/libmicroros/libmicroros.a(libmicrocdr-basic.c.obj)
                0x000000000800e4e4                ucdr_serialize_endian_uint32_t
 .text.ucdr_deserialize_uint32_t
                0x000000000800e614      0x120 micro_ros_stm32cubemx_utils/microros_static_library_ide/libmicroros/libmicroros.a(libmicrocdr-basic.c.obj)
                0x000000000800e614                ucdr_deserialize_uint32_t
 .text.ucdr_deserialize_endian_uint32_t
                0x000000000800e734      0x12c micro_ros_stm32cubemx_utils/microros_static_library_ide/libmicroros/libmicroros.a(libmicrocdr-basic.c.obj)
                0x000000000800e734                ucdr_deserialize_endian_uint32_t
 .text.ucdr_serialize_uint64_t
                0x000000000800e860      0x1a0 micro_ros_stm32cubemx_utils/microros_static_library_ide/libmicroros/libmicroros.a(libmicrocdr-basic.c.obj)
                0x000000000800e860                ucdr_serialize_uint64_t
 .text.ucdr_serialize_int16_t
                0x000000000800ea00      0x100 micro_ros_stm32cubemx_utils/microros_static_library_ide/libmicroros/libmicroros.a(libmicrocdr-basic.c.obj)
                0x000000000800ea00                ucdr_serialize_int16_t
 .text.ucdr_deserialize_int16_t
                0x000000000800eb00       0xe8 micro_ros_stm32cubemx_utils/microros_static_library_ide/libmicroros/libmicroros.a(libmicrocdr-basic.c.obj)
                0x000000000800eb00                ucdr_deserialize_int16_t
 .text.ucdr_serialize_int32_t
                0x000000000800ebe8      0x130 micro_ros_stm32cubemx_utils/microros_static_library_ide/libmicroros/libmicroros.a(libmicrocdr-basic.c.obj)
                0x000000000800ebe8                ucdr_serialize_int32_t
 .text.ucdr_deserialize_int32_t
                0x000000000800ed18      0x120 micro_ros_stm32cubemx_utils/microros_static_library_ide/libmicroros/libmicroros.a(libmicrocdr-basic.c.obj)
                0x000000000800ed18                ucdr_deserialize_int32_t
 .text.ucdr_check_buffer_available_for
                0x000000000800ee38       0x18 micro_ros_stm32cubemx_utils/microros_static_library_ide/libmicroros/libmicroros.a(libmicrocdr-common.c.obj)
                0x000000000800ee38                ucdr_check_buffer_available_for
 .text.ucdr_check_final_buffer_behavior
                0x000000000800ee50       0x38 micro_ros_stm32cubemx_utils/microros_static_library_ide/libmicroros/libmicroros.a(libmicrocdr-common.c.obj)
                0x000000000800ee50                ucdr_check_final_buffer_behavior
 .text.ucdr_set_on_full_buffer_callback
                0x000000000800ee88        0x8 micro_ros_stm32cubemx_utils/microros_static_library_ide/libmicroros/libmicroros.a(libmicrocdr-common.c.obj)
                0x000000000800ee88                ucdr_set_on_full_buffer_callback
 .text.ucdr_init_buffer_origin_offset_endian
                0x000000000800ee90       0x2c micro_ros_stm32cubemx_utils/microros_static_library_ide/libmicroros/libmicroros.a(libmicrocdr-common.c.obj)
                0x000000000800ee90                ucdr_init_buffer_origin_offset_endian
 .text.ucdr_init_buffer_origin_offset
                0x000000000800eebc       0x14 micro_ros_stm32cubemx_utils/microros_static_library_ide/libmicroros/libmicroros.a(libmicrocdr-common.c.obj)
                0x000000000800eebc                ucdr_init_buffer_origin_offset
 .text.ucdr_init_buffer_origin
                0x000000000800eed0       0x10 micro_ros_stm32cubemx_utils/microros_static_library_ide/libmicroros/libmicroros.a(libmicrocdr-common.c.obj)
                0x000000000800eed0                ucdr_init_buffer_origin
 .text.ucdr_init_buffer
                0x000000000800eee0        0x8 micro_ros_stm32cubemx_utils/microros_static_library_ide/libmicroros/libmicroros.a(libmicrocdr-common.c.obj)
                0x000000000800eee0                ucdr_init_buffer
 .text.ucdr_alignment
                0x000000000800eee8       0x10 micro_ros_stm32cubemx_utils/microros_static_library_ide/libmicroros/libmicroros.a(libmicrocdr-common.c.obj)
                0x000000000800eee8                ucdr_alignment
 .text.ucdr_buffer_alignment
                0x000000000800eef8       0x1c micro_ros_stm32cubemx_utils/microros_static_library_ide/libmicroros/libmicroros.a(libmicrocdr-common.c.obj)
                0x000000000800eef8                ucdr_buffer_alignment
 .text.ucdr_align_to
                0x000000000800ef14       0x24 micro_ros_stm32cubemx_utils/microros_static_library_ide/libmicroros/libmicroros.a(libmicrocdr-common.c.obj)
                0x000000000800ef14                ucdr_align_to
 .text.ucdr_buffer_length
                0x000000000800ef38        0x8 micro_ros_stm32cubemx_utils/microros_static_library_ide/libmicroros/libmicroros.a(libmicrocdr-common.c.obj)
                0x000000000800ef38                ucdr_buffer_length
 .text.ucdr_buffer_remaining
                0x000000000800ef40        0x8 micro_ros_stm32cubemx_utils/microros_static_library_ide/libmicroros/libmicroros.a(libmicrocdr-common.c.obj)
                0x000000000800ef40                ucdr_buffer_remaining
 .text.ucdr_check_final_buffer_behavior_array
                0x000000000800ef48       0x38 micro_ros_stm32cubemx_utils/microros_static_library_ide/libmicroros/libmicroros.a(libmicrocdr-common.c.obj)
                0x000000000800ef48                ucdr_check_final_buffer_behavior_array
 .text.ucdr_advance_buffer
                0x000000000800ef80       0x40 micro_ros_stm32cubemx_utils/microros_static_library_ide/libmicroros/libmicroros.a(libmicrocdr-common.c.obj)
                0x000000000800ef80                ucdr_advance_buffer
 .text.uxr_buffer_delete_entity
                0x000000000800efc0       0x40 micro_ros_stm32cubemx_utils/microros_static_library_ide/libmicroros/libmicroros.a(libmicroxrcedds_client-common_create_entities.c.obj)
                0x000000000800efc0                uxr_buffer_delete_entity
 .text.uxr_common_create_entity
                0x000000000800f000       0x58 micro_ros_stm32cubemx_utils/microros_static_library_ide/libmicroros/libmicroros.a(libmicroxrcedds_client-common_create_entities.c.obj)
                0x000000000800f000                uxr_common_create_entity
 .text.uxr_buffer_create_participant_bin
                0x000000000800f058       0x64 micro_ros_stm32cubemx_utils/microros_static_library_ide/libmicroros/libmicroros.a(libmicroxrcedds_client-create_entities_bin.c.obj)
                0x000000000800f058                uxr_buffer_create_participant_bin
 .text.uxr_buffer_create_topic_bin
                0x000000000800f0bc       0x6c micro_ros_stm32cubemx_utils/microros_static_library_ide/libmicroros/libmicroros.a(libmicroxrcedds_client-create_entities_bin.c.obj)
                0x000000000800f0bc                uxr_buffer_create_topic_bin
 .text.uxr_buffer_create_publisher_bin
                0x000000000800f128       0x60 micro_ros_stm32cubemx_utils/microros_static_library_ide/libmicroros/libmicroros.a(libmicroxrcedds_client-create_entities_bin.c.obj)
                0x000000000800f128                uxr_buffer_create_publisher_bin
 .text.uxr_buffer_create_subscriber_bin
                0x000000000800f188       0x60 micro_ros_stm32cubemx_utils/microros_static_library_ide/libmicroros/libmicroros.a(libmicroxrcedds_client-create_entities_bin.c.obj)
                0x000000000800f188                uxr_buffer_create_subscriber_bin
 .text.uxr_buffer_create_datawriter_bin
                0x000000000800f1e8       0xec micro_ros_stm32cubemx_utils/microros_static_library_ide/libmicroros/libmicroros.a(libmicroxrcedds_client-create_entities_bin.c.obj)
                0x000000000800f1e8                uxr_buffer_create_datawriter_bin
 .text.uxr_buffer_create_datareader_bin
                0x000000000800f2d4       0xf0 micro_ros_stm32cubemx_utils/microros_static_library_ide/libmicroros/libmicroros.a(libmicroxrcedds_client-create_entities_bin.c.obj)
                0x000000000800f2d4                uxr_buffer_create_datareader_bin
 .text.uxr_buffer_create_requester_bin
                0x000000000800f3c4       0x74 micro_ros_stm32cubemx_utils/microros_static_library_ide/libmicroros/libmicroros.a(libmicroxrcedds_client-create_entities_bin.c.obj)
                0x000000000800f3c4                uxr_buffer_create_requester_bin
 .text.uxr_buffer_create_replier_bin
                0x000000000800f438       0x74 micro_ros_stm32cubemx_utils/microros_static_library_ide/libmicroros/libmicroros.a(libmicroxrcedds_client-create_entities_bin.c.obj)
                0x000000000800f438                uxr_buffer_create_replier_bin
 .text.uxr_object_id
                0x000000000800f4ac       0x1c micro_ros_stm32cubemx_utils/microros_static_library_ide/libmicroros/libmicroros.a(libmicroxrcedds_client-object_id.c.obj)
                0x000000000800f4ac                uxr_object_id
 .text.uxr_object_id_from_raw
                0x000000000800f4c8       0x28 micro_ros_stm32cubemx_utils/microros_static_library_ide/libmicroros/libmicroros.a(libmicroxrcedds_client-object_id.c.obj)
                0x000000000800f4c8                uxr_object_id_from_raw
 .text.uxr_object_id_to_raw
                0x000000000800f4f0       0x1c micro_ros_stm32cubemx_utils/microros_static_library_ide/libmicroros/libmicroros.a(libmicroxrcedds_client-object_id.c.obj)
                0x000000000800f4f0                uxr_object_id_to_raw
 .text.on_get_fragmentation_info